Component: ARM Compiler 5.06 update 3 (build 300) Tool: armlink [4d35c9]

==============================================================================

Section Cross References

    main.o(i.BTN_initialize) refers to stm32f4xx_hal_gpio.o(i.HAL_GPIO_Init) for HAL_GPIO_Init
    main.o(i.HAL_GetTick) refers to rt_time.o(.data) for os_time
    main.o(i.I2C1_Init) refers to stm32f4xx_hal_gpio.o(i.HAL_GPIO_Init) for HAL_GPIO_Init
    main.o(i.I2C1_Init) refers to stm32f4xx_hal_i2c.o(i.HAL_I2C_Init) for HAL_I2C_Init
    main.o(i.I2C1_Init) refers to main.o(.bss) for hi2c1
    main.o(i.Init_accel) refers to rt_memcpy_w.o(.text) for __aeabi_memcpy4
    main.o(i.Init_accel) refers to main.o(i.WriteSPI) for WriteSPI
    main.o(i.Init_accel) refers to main.o(.bss) for SPI_Params
    main.o(i.LED_initialize) refers to stm32f4xx_hal_gpio.o(i.HAL_GPIO_Init) for HAL_GPIO_Init
    main.o(i.LED_set) refers to stm32f4xx_hal_gpio.o(i.HAL_GPIO_WritePin) for HAL_GPIO_WritePin
    main.o(i.ReadSPI) refers to stm32f4xx_hal_spi.o(i.HAL_SPI_Transmit) for HAL_SPI_Transmit
    main.o(i.ReadSPI) refers to stm32f4xx_hal_spi.o(i.HAL_SPI_Receive) for HAL_SPI_Receive
    main.o(i.Single_ReadI2C) refers to stm32f4xx_hal_i2c.o(i.HAL_I2C_Master_Receive) for HAL_I2C_Master_Receive
    main.o(i.Single_ReadI2C) refers to main.o(.data) for rec_data
    main.o(i.Single_ReadI2C) refers to main.o(.bss) for hi2c1
    main.o(i.Single_WriteI2C) refers to stm32f4xx_hal_i2c.o(i.HAL_I2C_Master_Transmit) for HAL_I2C_Master_Transmit
    main.o(i.Single_WriteI2C) refers to main.o(.bss) for hi2c1
    main.o(i.Sys_init) refers to stm32f4xx_hal_spi.o(i.HAL_SPI_Init) for HAL_SPI_Init
    main.o(i.Sys_init) refers to stm32f4xx_hal_gpio.o(i.HAL_GPIO_Init) for HAL_GPIO_Init
    main.o(i.Sys_init) refers to main.o(i.Init_accel) for Init_accel
    main.o(i.Sys_init) refers to main.o(.bss) for SPI_Params
    main.o(i.SystemClock_Config) refers to stm32f4xx_hal_rcc.o(i.HAL_RCC_OscConfig) for HAL_RCC_OscConfig
    main.o(i.SystemClock_Config) refers to main.o(i.Error_Handler) for Error_Handler
    main.o(i.SystemClock_Config) refers to stm32f4xx_hal_rcc.o(i.HAL_RCC_ClockConfig) for HAL_RCC_ClockConfig
    main.o(i.WriteSPI) refers to stm32f4xx_hal_spi.o(i.HAL_SPI_Transmit) for HAL_SPI_Transmit
    main.o(i.main) refers to rt_cmsis.o(i.osKernelInitialize) for osKernelInitialize
    main.o(i.main) refers to stm32f4xx_hal.o(i.HAL_Init) for HAL_Init
    main.o(i.main) refers to main.o(i.SystemClock_Config) for SystemClock_Config
    main.o(i.main) refers to main.o(i.Sys_init) for Sys_init
    main.o(i.main) refers to main.o(i.LED_initialize) for LED_initialize
    main.o(i.main) refers to main.o(i.BTN_initialize) for BTN_initialize
    main.o(i.main) refers to threads.o(i.Init_Thread) for Init_Thread
    main.o(i.main) refers to rt_cmsis.o(i.osKernelStart) for osKernelStart
    main.o(i.main) refers to rt_cmsis.o(i.osDelay) for osDelay
    threads.o(i.Init_Thread) refers to rt_cmsis.o(i.osThreadCreate) for osThreadCreate
    threads.o(i.Init_Thread) refers to threads.o(.constdata) for os_thread_def_mainThread
    threads.o(i.Init_Thread) refers to threads.o(.data) for tid_mainThread
    threads.o(i.blueThread) refers to main.o(i.Single_WriteI2C) for Single_WriteI2C
    threads.o(i.blueThread) refers to main.o(i.LED_set) for LED_set
    threads.o(i.blueThread) refers to threads.o(i.thread_accel) for thread_accel
    threads.o(i.blueThread) refers to rt_cmsis.o(i.osDelay) for osDelay
    threads.o(i.blueThread) refers to threads.o(.data) for thread_type
    threads.o(i.btnThread) refers to stm32f4xx_hal_gpio.o(i.HAL_GPIO_ReadPin) for HAL_GPIO_ReadPin
    threads.o(i.btnThread) refers to threads.o(.data) for FlagBtnStatus
    threads.o(i.mainThread) refers to main.o(i.LED_set) for LED_set
    threads.o(i.mainThread) refers to rt_cmsis.o(i.osDelay) for osDelay
    threads.o(i.mainThread) refers to rt_cmsis.o(i.osThreadCreate) for osThreadCreate
    threads.o(i.mainThread) refers to rt_cmsis.o(i.osThreadTerminate) for osThreadTerminate
    threads.o(i.mainThread) refers to threads.o(.data) for FlagBtnStatus
    threads.o(i.mainThread) refers to threads.o(.constdata) for os_thread_def_blueThread
    threads.o(i.thread_accel) refers to rt_memcpy_w.o(.text) for __aeabi_memcpy4
    threads.o(i.thread_accel) refers to main.o(i.ReadSPI) for ReadSPI
    threads.o(i.thread_accel) refers to main.o(.bss) for SPI_Params
    threads.o(i.thread_accel) refers to threads.o(.data) for reduce_crossing
    threads.o(.constdata) refers to threads.o(i.mainThread) for mainThread
    threads.o(.constdata) refers to threads.o(i.btnThread) for btnThread
    threads.o(.constdata) refers to threads.o(i.blueThread) for blueThread
    rtx_conf_cm.o(.emb_text) refers to rt_cmsis.o(i.osKernelInitialize) for osKernelInitialize
    rtx_conf_cm.o(.emb_text) refers to rt_cmsis.o(i.osThreadCreate) for osThreadCreate
[...]
    C:\\Keil_v5\\ARM\\PACK\\Keil\\STM32F4xx_DFP\\2.10.0\\Drivers\\STM32F4xx_HAL_Driver\\Src\\stm32f4xx_hal_tim.c 0x00000000   Number         0  stm32f4xx_hal_tim.o ABSOLUTE
    C:\\Keil_v5\\ARM\\PACK\\Keil\\STM32F4xx_DFP\\2.10.0\\Drivers\\STM32F4xx_HAL_Driver\\Src\\stm32f4xx_hal_tim_ex.c 0x00000000   Number         0  stm32f4xx_hal_tim_ex.o ABSOLUTE
    C:\\Keil_v5\\ARM\\PACK\\Keil\\STM32F4xx_DFP\\2.10.0\\Drivers\\STM32F4xx_HAL_Driver\\Src\\stm32f4xx_hal_uart.c 0x00000000   Number         0  stm32f4xx_hal_uart.o ABSOLUTE
    C:\\Keil_v5\\ARM\\PACK\\Keil\\STM32F4xx_DFP\\2.10.0\\Drivers\\STM32F4xx_HAL_Driver\\Src\\stm32f4xx_hal_usart.c 0x00000000   Number         0  stm32f4xx_hal_usart.o ABSOLUTE
    HAL_CM4.c                                0x00000000   Number         0  hal_cm4.o ABSOLUTE
    HAL_CM4.c                                0x00000000   Number         0  hal_cm4.o ABSOLUTE
    RTE\CMSIS\RTX_Conf_CM.c                  0x00000000   Number         0  rtx_conf_cm.o ABSOLUTE
    RTE\Device\STM32F407VGTx\startup_stm32f407xx.s 0x00000000   Number         0  startup_stm32f407xx.o ABSOLUTE
    RTE\Device\STM32F407VGTx\system_stm32f4xx.c 0x00000000   Number         0  system_stm32f4xx.o ABSOLUTE
    RTE\\CMSIS\\RTX_Conf_CM.c                0x00000000   Number         0  rtx_conf_cm.o ABSOLUTE
    RTE\\Device\\STM32F407VGTx\\system_stm32f4xx.c 0x00000000   Number         0  system_stm32f4xx.o ABSOLUTE
    SVC_Table.s                              0x00000000   Number         0  svc_table.o ABSOLUTE
    dc.s                                     0x00000000   Number         0  dc.o ABSOLUTE
    main.c                                   0x00000000   Number         0  main.o ABSOLUTE
    main.c                                   0x00000000   Number         0  main.o ABSOLUTE
    threads.c                                0x00000000   Number         0  threads.o ABSOLUTE
    threads.c                                0x00000000   Number         0  threads.o ABSOLUTE
    RESET                                    0x08000000   Section      392  startup_stm32f407xx.o(RESET)
    !!!main                                  0x08000188   Section        8  __main.o(!!!main)
    !!!scatter                               0x08000190   Section       52  __scatter.o(!!!scatter)
    !!handler_copy                           0x080001c4   Section       26  __scatter_copy.o(!!handler_copy)
    !!handler_zi                             0x080001e0   Section       28  __scatter_zi.o(!!handler_zi)
    .ARM.Collect$$libinit$$00000000          0x080001fc   Section        2  libinit.o(.ARM.Collect$$libinit$$00000000)
    .ARM.Collect$$libinit$$00000001          0x080001fe   Section        4  libinit2.o(.ARM.Collect$$libinit$$00000001)
    .ARM.Collect$$libinit$$00000004          0x08000202   Section        0  libinit2.o(.ARM.Collect$$libinit$$00000004)
    .ARM.Collect$$libinit$$0000000A          0x08000202   Section        0  libinit2.o(.ARM.Collect$$libinit$$0000000A)
    .ARM.Collect$$libinit$$0000000C          0x08000202   Section        0  libinit2.o(.ARM.Collect$$libinit$$0000000C)
    .ARM.Collect$$libinit$$0000000E          0x08000202   Section        0  libinit2.o(.ARM.Collect$$libinit$$0000000E)
    .ARM.Collect$$libinit$$00000011          0x08000202   Section        0  libinit2.o(.ARM.Collect$$libinit$$00000011)
    .ARM.Collect$$libinit$$00000013          0x08000202   Section        0  libinit2.o(.ARM.Collect$$libinit$$00000013)
    .ARM.Collect$$libinit$$00000015          0x08000202   Section        0  libinit2.o(.ARM.Collect$$libinit$$00000015)
    .ARM.Collect$$libinit$$00000017          0x08000202   Section        0  libinit2.o(.ARM.Collect$$libinit$$00000017)
    .ARM.Collect$$libinit$$00000019          0x08000202   Section        0  libinit2.o(.ARM.Collect$$libinit$$00000019)
    .ARM.Collect$$libinit$$0000001B          0x08000202   Section        0  libinit2.o(.ARM.Collect$$libinit$$0000001B)
    .ARM.Collect$$libinit$$0000001D          0x08000202   Section        0  libinit2.o(.ARM.Collect$$libinit$$0000001D)
    .ARM.Collect$$libinit$$0000001F          0x08000202   Section        0  libinit2.o(.ARM.Collect$$libinit$$0000001F)
    .ARM.Collect$$libinit$$00000021          0x08000202   Section        0  libinit2.o(.ARM.Collect$$libinit$$00000021)
    .ARM.Collect$$libinit$$00000023          0x08000202   Section        0  libinit2.o(.ARM.Collect$$libinit$$00000023)
    .ARM.Collect$$libinit$$00000025          0x08000202   Section        0  libinit2.o(.ARM.Collect$$libinit$$00000025)
    .ARM.Collect$$libinit$$0000002C          0x08000202   Section        0  libinit2.o(.ARM.Collect$$libinit$$0000002C)
    .ARM.Collect$$libinit$$0000002E          0x08000202   Section        0  libinit2.o(.ARM.Collect$$libinit$$0000002E)
    .ARM.Collect$$libinit$$00000030          0x08000202   Section        0  libinit2.o(.ARM.Collect$$libinit$$00000030)
    .ARM.Collect$$libinit$$00000032          0x08000202   Section        0  libinit2.o(.ARM.Collect$$libinit$$00000032)
    .ARM.Collect$$libinit$$00000033          0x08000202   Section        2  libinit2.o(.ARM.Collect$$libinit$$00000033)
    .ARM.Collect$$libshutdown$$00000000      0x08000204   Section        2  libshutdown.o(.ARM.Collect$$libshutdown$$00000000)
    .ARM.Collect$$libshutdown$$00000002      0x08000206   Section        0  libshutdown2.o(.ARM.Collect$$libshutdown$$00000002)
    .ARM.Collect$$libshutdown$$00000004      0x08000206   Section        0  libshutdown2.o(.ARM.Collect$$libshutdown$$00000004)
    .ARM.Collect$$libshutdown$$00000007      0x08000206   Section        0  libshutdown2.o(.ARM.Collect$$libshutdown$$00000007)
    .ARM.Collect$$libshutdown$$0000000A      0x08000206   Section        0  libshutdown2.o(.ARM.Collect$$libshutdown$$0000000A)
    .ARM.Collect$$libshutdown$$0000000C      0x08000206   Section        0  libshutdown2.o(.ARM.Collect$$libshutdown$$0000000C)
    .ARM.Collect$$libshutdown$$0000000F      0x08000206   Section        0  libshutdown2.o(.ARM.Collect$$libshutdown$$0000000F)
    .ARM.Collect$$libshutdown$$00000010      0x08000206   Section        2  libshutdown2.o(.ARM.Collect$$libshutdown$$00000010)
    .ARM.Collect$$rtentry$$00000000          0x08000208   Section        0  __rtentry.o(.ARM.Collect$$rtentry$$00000000)
    .ARM.Collect$$rtentry$$00000002          0x08000208   Section        0  __rtentry2.o(.ARM.Collect$$rtentry$$00000002)
    .ARM.Collect$$rtentry$$00000004          0x08000208   Section        6  __rtentry4.o(.ARM.Collect$$rtentry$$00000004)
    .ARM.Collect$$rtentry$$00000009          0x0800020e   Section        0  __rtentry2.o(.ARM.Collect$$rtentry$$00000009)
    .ARM.Collect$$rtentry$$0000000A          0x0800020e   Section        4  __rtentry2.o(.ARM.Collect$$rtentry$$0000000A)
    .ARM.Collect$$rtentry$$0000000B          0x08000212   Section        8  __rtentry2.o(.ARM.Collect$$rtentry$$0000000B)
    .ARM.Collect$$rtentry$$0000000D          0x0800021a   Section        8  __rtentry2.o(.ARM.Collect$$rtentry$$0000000D)
    .ARM.Collect$$rtexit$$00000000           0x08000222   Section        2  rtexit.o(.ARM.Collect$$rtexit$$00000000)
    .ARM.Collect$$rtexit$$00000002           0x08000224   Section        0  rtexit2.o(.ARM.Collect$$rtexit$$00000002)
    .ARM.Collect$$rtexit$$00000003           0x08000224   Section        4  rtexit2.o(.ARM.Collect$$rtexit$$00000003)
    .ARM.Collect$$rtexit$$00000004           0x08000228   Section        6  rtexit2.o(.ARM.Collect$$rtexit$$00000004)
    .emb_text                                0x08000230   Section       28  rtx_conf_cm.o(.emb_text)
    $v0                                      0x08000230   Number         0  rtx_conf_cm.o(.emb_text)
    .emb_text                                0x0800024c   Section      408  hal_cm4.o(.emb_text)
    $v0                                      0x0800024c   Number         0  hal_cm4.o(.emb_text)
    .text                                    0x080003e4   Section       64  startup_stm32f407xx.o(.text)
    $v0                                      0x080003e4   Number         0  startup_stm32f407xx.o(.text)
    .text                                    0x08000424   Section        8  libspace.o(.text)
    .text                                    0x0800042c   Section        0  exit.o(.text)
    .text                                    0x0800043e   Section      100  rt_memcpy_w.o(.text)
    .text                                    0x080004a2   Section        0  heapauxi.o(.text)
    .text                                    0x080004a8   Section        0  sys_exit.o(.text)
    .text                                    0x080004b4   Section       74  sys_stackheap_outer.o(.text)
    .text                                    0x080004fe   Section        2  use_no_semi.o(.text)
    .text                                    0x08000500   Section        0  indicate_semi.o(.text)
    SVC_TABLE                                0x08000500   Section        4  svc_table.o(SVC_TABLE)
    i.BTN_initialize                         0x08000504   Section        0  main.o(i.BTN_initialize)
    i.Error_Handler                          0x0800054c   Section        0  main.o(i.Error_Handler)
    Error_Handler                            0x0800054d   Thumb Code     4  main.o(i.Error_Handler)
    i.HAL_GPIO_Init                          0x08000550   Section        0  stm32f4xx_hal_gpio.o(i.HAL_GPIO_Init)
    i.HAL_GPIO_ReadPin                       0x0800075c   Section        0  stm32f4xx_hal_gpio.o(i.HAL_GPIO_ReadPin)
    i.HAL_GPIO_WritePin                      0x0800076c   Section        0  stm32f4xx_hal_gpio.o(i.HAL_GPIO_WritePin)
    i.HAL_GetTick                            0x08000778   Section        0  main.o(i.HAL_GetTick)
    i.HAL_I2C_Master_Transmit                0x08000784   Section        0  stm32f4xx_hal_i2c.o(i.HAL_I2C_Master_Transmit)
    i.HAL_Init                               0x080008e0   Section        0  stm32f4xx_hal.o(i.HAL_Init)
    i.HAL_InitTick                           0x0800091c   Section        0  stm32f4xx_hal.o(i.HAL_InitTick)
    i.HAL_MspInit                            0x08000944   Section        0  stm32f4xx_hal.o(i.HAL_MspInit)
    i.HAL_NVIC_SetPriority                   0x08000946   Section        0  stm32f4xx_hal_cortex.o(i.HAL_NVIC_SetPriority)
    i.HAL_NVIC_SetPriorityGrouping           0x080009c4   Section        0  stm32f4xx_hal_cortex.o(i.HAL_NVIC_SetPriorityGrouping)
    i.HAL_RCC_ClockConfig                    0x080009ec   Section        0  stm32f4xx_hal_rcc.o(i.HAL_RCC_ClockConfig)
    i.HAL_RCC_GetSysClockFreq                0x08000bbc   Section        0  stm32f4xx_hal_rcc.o(i.HAL_RCC_GetSysClockFreq)
    i.HAL_RCC_OscConfig                      0x08000c70   Section        0  stm32f4xx_hal_rcc.o(i.HAL_RCC_OscConfig)
    i.HAL_SPI_Init                           0x08001014   Section        0  stm32f4xx_hal_spi.o(i.HAL_SPI_Init)
    i.HAL_SPI_MspInit                        0x080010a0   Section        0  stm32f4xx_hal_spi.o(i.HAL_SPI_MspInit)
    i.HAL_SPI_Receive                        0x080010a2   Section        0  stm32f4xx_hal_spi.o(i.HAL_SPI_Receive)
    i.HAL_SPI_Transmit                       0x0800120e   Section        0  stm32f4xx_hal_spi.o(i.HAL_SPI_Transmit)
    i.HAL_SPI_TransmitReceive                0x080013b4   Section        0  stm32f4xx_hal_spi.o(i.HAL_SPI_TransmitReceive)
    i.HAL_SYSTICK_Config                     0x080015d2   Section        0  stm32f4xx_hal_cortex.o(i.HAL_SYSTICK_Config)
    i.I2C_IsAcknowledgeFailed                0x08001606   Section        0  stm32f4xx_hal_i2c.o(i.I2C_IsAcknowledgeFailed)
    I2C_IsAcknowledgeFailed                  0x08001607   Thumb Code    52  stm32f4xx_hal_i2c.o(i.I2C_IsAcknowledgeFailed)
    i.I2C_MasterRequestWrite                 0x0800163c   Section        0  stm32f4xx_hal_i2c.o(i.I2C_MasterRequestWrite)
    I2C_MasterRequestWrite                   0x0800163d   Thumb Code   186  stm32f4xx_hal_i2c.o(i.I2C_MasterRequestWrite)
    i.I2C_WaitOnBTFFlagUntilTimeout          0x080016fc   Section        0  stm32f4xx_hal_i2c.o(i.I2C_WaitOnBTFFlagUntilTimeout)
    I2C_WaitOnBTFFlagUntilTimeout            0x080016fd   Thumb Code    86  stm32f4xx_hal_i2c.o(i.I2C_WaitOnBTFFlagUntilTimeout)
    i.I2C_WaitOnFlagUntilTimeout             0x08001752   Section        0  stm32f4xx_hal_i2c.o(i.I2C_WaitOnFlagUntilTimeout)
    I2C_WaitOnFlagUntilTimeout               0x08001753   Thumb Code   120  stm32f4xx_hal_i2c.o(i.I2C_WaitOnFlagUntilTimeout)
    i.I2C_WaitOnMasterAddressFlagUntilTimeout 0x080017ca   Section        0  stm32f4xx_hal_i2c.o(i.I2C_WaitOnMasterAddressFlagUntilTimeout)
    I2C_WaitOnMasterAddressFlagUntilTimeout  0x080017cb   Thumb Code   172  stm32f4xx_hal_i2c.o(i.I2C_WaitOnMasterAddressFlagUntilTimeout)
    i.I2C_WaitOnTXEFlagUntilTimeout          0x08001876   Section        0  stm32f4xx_hal_i2c.o(i.I2C_WaitOnTXEFlagUntilTimeout)
    I2C_WaitOnTXEFlagUntilTimeout            0x08001877   Thumb Code    86  stm32f4xx_hal_i2c.o(i.I2C_WaitOnTXEFlagUntilTimeout)
    i.Init_Thread                            0x080018cc   Section        0  threads.o(i.Init_Thread)
    i.Init_accel                             0x08001914   Section        0  main.o(i.Init_accel)
    i.LED_initialize                         0x08001a34   Section        0  main.o(i.LED_initialize)
    i.LED_set                                0x08001a98   Section        0  main.o(i.LED_set)
    i.ReadSPI                                0x08001ab0   Section        0  main.o(i.ReadSPI)
    i.SPI_CheckFlag_BSY                      0x08001afc   Section        0  stm32f4xx_hal_spi.o(i.SPI_CheckFlag_BSY)
    SPI_CheckFlag_BSY                        0x08001afd   Thumb Code    40  stm32f4xx_hal_spi.o(i.SPI_CheckFlag_BSY)
    i.SPI_WaitFlagStateUntilTimeout          0x08001b24   Section        0  stm32f4xx_hal_spi.o(i.SPI_WaitFlagStateUntilTimeout)
    SPI_WaitFlagStateUntilTimeout            0x08001b25   Thumb Code   170  stm32f4xx_hal_spi.o(i.SPI_WaitFlagStateUntilTimeout)
    i.Single_WriteI2C                        0x08001bd0   Section        0  main.o(i.Single_WriteI2C)
    i.Sys_init                               0x08001bf8   Section        0  main.o(i.Sys_init)
    i.SystemClock_Config                     0x08001d10   Section        0  main.o(i.SystemClock_Config)
    i.SystemInit                             0x08001db4   Section        0  system_stm32f4xx.o(i.SystemInit)
    i.WriteSPI                               0x08001de8   Section        0  main.o(i.WriteSPI)
    i.__NVIC_GetPriorityGrouping             0x08001e20   Section        0  stm32f4xx_hal_cortex.o(i.__NVIC_GetPriorityGrouping)
    __NVIC_GetPriorityGrouping               0x08001e21   Thumb Code    10  stm32f4xx_hal_cortex.o(i.__NVIC_GetPriorityGrouping)
    i.__NVIC_SetPriority                     0x08001e30   Section        0  stm32f4xx_hal_cortex.o(i.__NVIC_SetPriority)
    __NVIC_SetPriority                       0x08001e31   Thumb Code    32  stm32f4xx_hal_cortex.o(i.__NVIC_SetPriority)
    i._init_box                              0x08001e58   Section        0  rt_membox.o(i._init_box)
    i._mutex_acquire                         0x08001ea0   Section        0  rtx_conf_cm.o(i._mutex_acquire)
    __tagsym$$used                           0x08001ea1   Number         0  rtx_conf_cm.o(i._mutex_acquire)
    i._mutex_release                         0x08001ec0   Section        0  rtx_conf_cm.o(i._mutex_release)
    __tagsym$$used                           0x08001ec1   Number         0  rtx_conf_cm.o(i._mutex_release)
    i.blueThread                             0x08001edc   Section        0  threads.o(i.blueThread)
    i.btnThread                              0x08001f9c   Section        0  threads.o(i.btnThread)
    i.dbg_init                               0x08001fb8   Section        0  hal_cm.o(i.dbg_init)
    i.dbg_task_notify                        0x08001fe8   Section        0  hal_cm.o(i.dbg_task_notify)
    i.dbg_task_switch                        0x08002008   Section        0  hal_cm.o(i.dbg_task_switch)
    i.isrMessageGet                          0x08002018   Section        0  rt_cmsis.o(i.isrMessageGet)
    i.isrMessagePut                          0x08002042   Section        0  rt_cmsis.o(i.isrMessagePut)
    i.isr_mbx_receive                        0x08002070   Section        0  rt_mailbox.o(i.isr_mbx_receive)
    i.isr_mbx_send                           0x080020c6   Section        0  rt_mailbox.o(i.isr_mbx_send)
    i.main                                   0x080020d4   Section        0  main.o(i.main)
    i.mainThread                             0x08002100   Section        0  threads.o(i.mainThread)
    i.osDelay                                0x0800221c   Section        0  rt_cmsis.o(i.osDelay)
    i.osKernelInitialize                     0x08002234   Section        0  rt_cmsis.o(i.osKernelInitialize)
    i.osKernelStart                          0x08002258   Section        0  rt_cmsis.o(i.osKernelStart)
    i.osMessageGet                           0x080022c4   Section        0  rt_cmsis.o(i.osMessageGet)
    i.osThreadCreate                         0x080022dc   Section        0  rt_cmsis.o(i.osThreadCreate)
    i.osThreadExit                           0x0800230c   Section        0  rt_cmsis.o(i.osThreadExit)
    i.osThreadTerminate                      0x08002324   Section        0  rt_cmsis.o(i.osThreadTerminate)
    i.osTimerCall                            0x0800233c   Section        0  rt_cmsis.o(i.osTimerCall)
    i.osTimerThread                          0x08002348   Section        0  rt_cmsis.o(i.osTimerThread)
    i.os_error                               0x08002374   Section        0  rtx_conf_cm.o(i.os_error)
    i.os_idle_demon                          0x08002396   Section        0  rtx_conf_cm.o(i.os_idle_demon)
    i.os_tick_init                           0x0800239c   Section        0  rt_system.o(i.os_tick_init)
    i.os_tick_irqack                         0x080023c4   Section        0  rt_system.o(i.os_tick_irqack)
    i.rt_alloc_box                           0x080023c6   Section        0  rt_membox.o(i.rt_alloc_box)
    i.rt_alloc_mem                           0x080023e0   Section        0  rt_memory.o(i.rt_alloc_mem)
    i.rt_block                               0x08002420   Section        0  rt_task.o(i.rt_block)
    i.rt_chk_robin                           0x08002458   Section        0  rt_robin.o(i.rt_chk_robin)
    i.rt_dec_dly                             0x080024a0   Section        0  rt_list.o(i.rt_dec_dly)
    i.rt_dispatch                            0x08002510   Section        0  rt_task.o(i.rt_dispatch)
    i.rt_dly_wait                            0x08002554   Section        0  rt_time.o(i.rt_dly_wait)
    i.rt_evt_psh                             0x0800255c   Section        0  rt_event.o(i.rt_evt_psh)
    i.rt_free_box                            0x080025ac   Section        0  rt_membox.o(i.rt_free_box)
    i.rt_free_mem                            0x080025d8   Section        0  rt_memory.o(i.rt_free_mem)
    i.rt_get_first                           0x08002600   Section        0  rt_list.o(i.rt_get_first)
    i.rt_id2obj                              0x08002628   Section        0  rt_cmsis.o(i.rt_id2obj)
    rt_id2obj                                0x08002629   Thumb Code     8  rt_cmsis.o(i.rt_id2obj)
    i.rt_init_context                        0x08002630   Section        0  rt_task.o(i.rt_init_context)
    rt_init_context                          0x08002631   Thumb Code    66  rt_task.o(i.rt_init_context)
    i.rt_init_mem                            0x08002678   Section        0  rt_memory.o(i.rt_init_mem)
    i.rt_init_robin                          0x08002694   Section        0  rt_robin.o(i.rt_init_robin)
    i.rt_init_stack                          0x080026ac   Section        0  hal_cm.o(i.rt_init_stack)
    i.rt_mbx_check                           0x0800272c   Section        0  rt_mailbox.o(i.rt_mbx_check)
    i.rt_mbx_init                            0x08002734   Section        0  rt_mailbox.o(i.rt_mbx_init)
    i.rt_mbx_psh                             0x08002750   Section        0  rt_mailbox.o(i.rt_mbx_psh)
    i.rt_mbx_wait                            0x08002840   Section        0  rt_mailbox.o(i.rt_mbx_wait)
    i.rt_ms2tick                             0x080028f4   Section        0  rt_cmsis.o(i.rt_ms2tick)
    rt_ms2tick                               0x080028f5   Thumb Code    58  rt_cmsis.o(i.rt_ms2tick)
    i.rt_mut_release                         0x08002938   Section        0  rt_mutex.o(i.rt_mut_release)
    i.rt_mut_wait                            0x08002a10   Section        0  rt_mutex.o(i.rt_mut_wait)
    i.rt_pop_req                             0x08002a78   Section        0  rt_system.o(i.rt_pop_req)
    i.rt_psh_req                             0x08002af4   Section        0  rt_system.o(i.rt_psh_req)
    i.rt_psq_enq                             0x08002b14   Section        0  rt_list.o(i.rt_psq_enq)
    i.rt_put_dly                             0x08002b70   Section        0  rt_list.o(i.rt_put_dly)
    i.rt_put_prio                            0x08002bb8   Section        0  rt_list.o(i.rt_put_prio)
    i.rt_put_rdy_first                       0x08002bf0   Section        0  rt_list.o(i.rt_put_rdy_first)
    i.rt_resort_prio                         0x08002c04   Section        0  rt_list.o(i.rt_resort_prio)
    i.rt_ret_regs                            0x08002c38   Section        0  hal_cm.o(i.rt_ret_regs)
    rt_ret_regs                              0x08002c39   Thumb Code    16  hal_cm.o(i.rt_ret_regs)
    i.rt_ret_val                             0x08002c48   Section        0  hal_cm.o(i.rt_ret_val)
    i.rt_ret_val2                            0x08002c54   Section        0  hal_cm.o(i.rt_ret_val2)
    i.rt_rmv_dly                             0x08002c64   Section        0  rt_list.o(i.rt_rmv_dly)
    i.rt_rmv_list                            0x08002c8c   Section        0  rt_list.o(i.rt_rmv_list)
    i.rt_sem_psh                             0x08002cbc   Section        0  rt_semaphore.o(i.rt_sem_psh)
    i.rt_stk_check                           0x08002cf0   Section        0  rt_system.o(i.rt_stk_check)
    i.rt_switch_req                          0x08002d14   Section        0  rt_task.o(i.rt_switch_req)
    i.rt_sys_init                            0x08002d3c   Section        0  rt_task.o(i.rt_sys_init)
    i.rt_sys_start                           0x08002e08   Section        0  rt_task.o(i.rt_sys_start)
    i.rt_systick                             0x08002e80   Section        0  rt_system.o(i.rt_systick)
    i.rt_tid2ptcb                            0x08002ec0   Section        0  rt_cmsis.o(i.rt_tid2ptcb)
    rt_tid2ptcb                              0x08002ec1   Thumb Code    18  rt_cmsis.o(i.rt_tid2ptcb)
    i.rt_timer_insert                        0x08002ed4   Section        0  rt_cmsis.o(i.rt_timer_insert)
    rt_timer_insert                          0x08002ed5   Thumb Code    48  rt_cmsis.o(i.rt_timer_insert)
    i.rt_tsk_create                          0x08002f08   Section        0  rt_task.o(i.rt_tsk_create)
    i.rt_tsk_delete                          0x08002f90   Section        0  rt_task.o(i.rt_tsk_delete)
    i.rt_tsk_prio                            0x0800310c   Section        0  rt_task.o(i.rt_tsk_prio)
    i.rt_tsk_self                            0x08003188   Section        0  rt_task.o(i.rt_tsk_self)
    i.svcDelay                               0x08003198   Section        0  rt_cmsis.o(i.svcDelay)
    i.svcKernelInitialize                    0x080031ac   Section        0  rt_cmsis.o(i.svcKernelInitialize)
    i.svcKernelStart                         0x0800321c   Section        0  rt_cmsis.o(i.svcKernelStart)
    i.svcMessageCreate                       0x08003264   Section        0  rt_cmsis.o(i.svcMessageCreate)
    i.svcMessageGet                          0x08003288   Section        0  rt_cmsis.o(i.svcMessageGet)
    i.svcThreadCreate                        0x080032c4   Section        0  rt_cmsis.o(i.svcThreadCreate)
    i.svcThreadGetId                         0x08003334   Section        0  rt_cmsis.o(i.svcThreadGetId)
    i.svcThreadTerminate                     0x08003350   Section        0  rt_cmsis.o(i.svcThreadTerminate)
    i.svcTimerCall                           0x08003388   Section        0  rt_cmsis.o(i.svcTimerCall)
    i.sysTimerTick                           0x080033a0   Section        0  rt_cmsis.o(i.sysTimerTick)
    i.thread_accel                           0x080033fc   Section        0  threads.o(i.thread_accel)
    x$fpl$fpinit                             0x080036a8   Section       10  fpinit.o(x$fpl$fpinit)
    $v0                                      0x080036a8   Number         0  fpinit.o(x$fpl$fpinit)
    .constdata                               0x080036b4   Section       48  threads.o(.constdata)
    .constdata                               0x080036e4   Section      104  rtx_conf_cm.o(.constdata)
    __tagsym$$used                           0x08003700   Number         0  rtx_conf_cm.o(.constdata)
    __tagsym$$used                           0x08003704   Number         0  rtx_conf_cm.o(.constdata)
    __tagsym$$used                           0x08003708   Number         0  rtx_conf_cm.o(.constdata)
    __tagsym$$used                           0x0800370c   Number         0  rtx_conf_cm.o(.constdata)
    .constdata                               0x0800374c   Section       16  stm32f4xx_hal_rcc.o(.constdata)
    .data                                    0x20000000   Section       17  threads.o(.data)
    .data                                    0x20000014   Section       20  rtx_conf_cm.o(.data)
    nr_mutex                                 0x20000024   Data           4  rtx_conf_cm.o(.data)
    .data                                    0x20000028   Section       20  system_stm32f4xx.o(.data)
    .data                                    0x2000003c   Section        8  rt_cmsis.o(.data)
    .data                                    0x20000044   Section        8  rt_task.o(.data)
    .data                                    0x2000004c   Section        4  rt_time.o(.data)
    .data                                    0x20000050   Section        8  rt_system.o(.data)
    os_lock                                  0x20000050   Data           1  rt_system.o(.data)
    os_psh_flag                              0x20000051   Data           1  rt_system.o(.data)
    pend_flags                               0x20000052   Data           1  rt_system.o(.data)
    .data                                    0x20000058   Section        8  rt_robin.o(.data)
    .data                                    0x20000060   Section        1  hal_cm.o(.data)
    .bss                                     0x20000064   Section      172  main.o(.bss)
    .bss                                     0x20000110   Section    43144  rtx_conf_cm.o(.bss)
    std_libspace                             0x2000a4f8   Data        1056  rtx_conf_cm.o(.bss)
    std_libmutex                             0x2000a918   Data         128  rtx_conf_cm.o(.bss)
    .bss                                     0x2000a998   Section       52  rt_task.o(.bss)
    .bss                                     0x2000a9cc   Section       48  rt_list.o(.bss)
    .bss                                     0x2000a9fc   Section       96  libspace.o(.bss)
    HEAP                                     0x2000aa60   Section      512  startup_stm32f407xx.o(HEAP)
    Heap_Mem                                 0x2000aa60   Data         512  startup_stm32f407xx.o(HEAP)
    STACK                                    0x2000ac60   Section     1024  startup_stm32f407xx.o(STACK)
    Stack_Mem                                0x2000ac60   Data        1024  startup_stm32f407xx.o(STACK)
    __initial_sp                             0x2000b060   Data           0  startup_stm32f407xx.o(STACK)

    Global Symbols

    Symbol Name                              Value     Ov Type        Size  Object(Section)

    BuildAttributes$$THM_ISAv4$E$P$D$K$B$S$7EM$VFPi3$EXTD16$VFPS$VFMA$PE$A:L22UL41UL21$X:L11$S22US41US21$IEEE1$IW$USESV6$~STKCKD$USESV7$~SHL$OSPACE$ROPI$EBA8$UX$STANDARDLIB$REQ8$PRES8$EABIv2 0x00000000   Number         0  anon$$obj.o ABSOLUTE
    __ARM_use_no_argv                        0x00000000   Number         0  main.o ABSOLUTE
    __ARM_exceptions_init                     - Undefined Weak Reference
    __alloca_initialize                       - Undefined Weak Reference
    __arm_preinit_                            - Undefined Weak Reference
    __cpp_initialize__aeabi_                  - Undefined Weak Reference
    __cxa_finalize                            - Undefined Weak Reference
    __rt_locale                               - Undefined Weak Reference
    __sigvec_lookup                           - Undefined Weak Reference
    _atexit_init                              - Undefined Weak Reference
    _call_atexit_fns                          - Undefined Weak Reference
    _clock_init                               - Undefined Weak Reference
    _fp_trap_init                             - Undefined Weak Reference
    _fp_trap_shutdown                         - Undefined Weak Reference
    _get_lc_collate                           - Undefined Weak Reference
    _get_lc_ctype                             - Undefined Weak Reference
    _get_lc_monetary                          - Undefined Weak Reference
    _get_lc_numeric                           - Undefined Weak Reference
    _get_lc_time                              - Undefined Weak Reference
    _getenv_init                              - Undefined Weak Reference
    _handle_redirection                       - Undefined Weak Reference
    _init_alloc                               - Undefined Weak Reference
    _init_user_alloc                          - Undefined Weak Reference
    _initio                                   - Undefined Weak Reference
    _rand_init                                - Undefined Weak Reference
    _signal_finish                            - Undefined Weak Reference
    _signal_init                              - Undefined Weak Reference
    _terminate_alloc                          - Undefined Weak Reference
    _terminate_user_alloc                     - Undefined Weak Reference
    _terminateio                              - Undefined Weak Reference
    __Vectors_Size                           0x00000188   Number         0  startup_stm32f407xx.o ABSOLUTE
    __RL_RTX_VER                             0x00000481   Number         0  rt_system.o ABSOLUTE
    __Vectors                                0x08000000   Data           4  startup_stm32f407xx.o(RESET)
    __Vectors_End                            0x08000188   Data           0  startup_stm32f407xx.o(RESET)
    __main                                   0x08000189   Thumb Code     8  __main.o(!!!main)
    __scatterload                            0x08000191   Thumb Code     0  __scatter.o(!!!scatter)
    __scatterload_rt2                        0x08000191   Thumb Code    44  __scatter.o(!!!scatter)
    __scatterload_rt2_thumb_only             0x08000191   Thumb Code     0  __scatter.o(!!!scatter)
    __scatterload_null                       0x0800019f   Thumb Code     0  __scatter.o(!!!scatter)
    __scatterload_copy                       0x080001c5   Thumb Code    26  __scatter_copy.o(!!handler_copy)
    __scatterload_zeroinit                   0x080001e1   Thumb Code    28  __scatter_zi.o(!!handler_zi)
    __rt_lib_init                            0x080001fd   Thumb Code     0  libinit.o(.ARM.Collect$$libinit$$00000000)
    __rt_lib_init_fp_1                       0x080001ff   Thumb Code     0  libinit2.o(.ARM.Collect$$libinit$$00000001)
    __rt_lib_init_alloca_1                   0x08000203   Thumb Code     0  libinit2.o(.ARM.Collect$$libinit$$0000002E)
    __rt_lib_init_argv_1                     0x08000203   Thumb Code     0  libinit2.o(.ARM.Collect$$libinit$$0000002C)
    __rt_lib_init_atexit_1                   0x08000203   Thumb Code     0  libinit2.o(.ARM.Collect$$libinit$$0000001B)
    __rt_lib_init_clock_1                    0x08000203   Thumb Code     0  libinit2.o(.ARM.Collect$$libinit$$00000021)
    __rt_lib_init_cpp_1                      0x08000203   Thumb Code     0  libinit2.o(.ARM.Collect$$libinit$$00000032)
    __rt_lib_init_exceptions_1               0x08000203   Thumb Code     0  libinit2.o(.ARM.Collect$$libinit$$00000030)
    __rt_lib_init_fp_trap_1                  0x08000203   Thumb Code     0  libinit2.o(.ARM.Collect$$libinit$$0000001F)
    __rt_lib_init_getenv_1                   0x08000203   Thumb Code     0  libinit2.o(.ARM.Collect$$libinit$$00000023)
    __rt_lib_init_heap_1                     0x08000203   Thumb Code     0  libinit2.o(.ARM.Collect$$libinit$$0000000A)
    __rt_lib_init_lc_collate_1               0x08000203   Thumb Code     0  libinit2.o(.ARM.Collect$$libinit$$00000011)
    __rt_lib_init_lc_ctype_1                 0x08000203   Thumb Code     0  libinit2.o(.ARM.Collect$$libinit$$00000013)
    __rt_lib_init_lc_monetary_1              0x08000203   Thumb Code     0  libinit2.o(.ARM.Collect$$libinit$$00000015)
    __rt_lib_init_lc_numeric_1               0x08000203   Thumb Code     0  libinit2.o(.ARM.Collect$$libinit$$00000017)
    __rt_lib_init_lc_time_1                  0x08000203   Thumb Code     0  libinit2.o(.ARM.Collect$$libinit$$00000019)
    __rt_lib_init_preinit_1                  0x08000203   Thumb Code     0  libinit2.o(.ARM.Collect$$libinit$$00000004)
    __rt_lib_init_rand_1                     0x08000203   Thumb Code     0  libinit2.o(.ARM.Collect$$libinit$$0000000E)
    __rt_lib_init_return                     0x08000203   Thumb Code     0  libinit2.o(.ARM.Collect$$libinit$$00000033)
    __rt_lib_init_signal_1                   0x08000203   Thumb Code     0  libinit2.o(.ARM.Collect$$libinit$$0000001D)
    __rt_lib_init_stdio_1                    0x08000203   Thumb Code     0  libinit2.o(.ARM.Collect$$libinit$$00000025)
    __rt_lib_init_user_alloc_1               0x08000203   Thumb Code     0  libinit2.o(.ARM.Collect$$libinit$$0000000C)
    __rt_lib_shutdown                        0x08000205   Thumb Code     0  libshutdown.o(.ARM.Collect$$libshutdown$$00000000)
    __rt_lib_shutdown_cpp_1                  0x08000207   Thumb Code     0  libshutdown2.o(.ARM.Collect$$libshutdown$$00000002)
    __rt_lib_shutdown_fp_trap_1              0x08000207   Thumb Code     0  libshutdown2.o(.ARM.Collect$$libshutdown$$00000007)
    __rt_lib_shutdown_heap_1                 0x08000207   Thumb Code     0  libshutdown2.o(.ARM.Collect$$libshutdown$$0000000F)
    __rt_lib_shutdown_return                 0x08000207   Thumb Code     0  libshutdown2.o(.ARM.Collect$$libshutdown$$00000010)
    __rt_lib_shutdown_signal_1               0x08000207   Thumb Code     0  libshutdown2.o(.ARM.Collect$$libshutdown$$0000000A)
    __rt_lib_shutdown_stdio_1                0x08000207   Thumb Code     0  libshutdown2.o(.ARM.Collect$$libshutdown$$00000004)
    __rt_lib_shutdown_user_alloc_1           0x08000207   Thumb Code     0  libshutdown2.o(.ARM.Collect$$libshutdown$$0000000C)
    __rt_entry                               0x08000209   Thumb Code     0  __rtentry.o(.ARM.Collect$$rtentry$$00000000)
    __rt_entry_presh_1                       0x08000209   Thumb Code     0  __rtentry2.o(.ARM.Collect$$rtentry$$00000002)
    __rt_entry_sh                            0x08000209   Thumb Code     0  __rtentry4.o(.ARM.Collect$$rtentry$$00000004)
    __rt_entry_li                            0x0800020f   Thumb Code     0  __rtentry2.o(.ARM.Collect$$rtentry$$0000000A)
    __rt_entry_postsh_1                      0x0800020f   Thumb Code     0  __rtentry2.o(.ARM.Collect$$rtentry$$00000009)
    __rt_entry_postli_1                      0x08000213   Thumb Code     0  __rtentry2.o(.ARM.Collect$$rtentry$$0000000B)
    __rt_entry_main                          0x0800021b   Thumb Code     0  __rtentry2.o(.ARM.Collect$$rtentry$$0000000D)
    __rt_exit                                0x08000223   Thumb Code     0  rtexit.o(.ARM.Collect$$rtexit$$00000000)
    __rt_exit_ls                             0x08000225   Thumb Code     0  rtexit2.o(.ARM.Collect$$rtexit$$00000003)
    __rt_exit_prels_1                        0x08000225   Thumb Code     0  rtexit2.o(.ARM.Collect$$rtexit$$00000002)
    __rt_exit_exit                           0x08000229   Thumb Code     0  rtexit2.o(.ARM.Collect$$rtexit$$00000004)
    _platform_post_lib_init                  0x08000231   Thumb Code    24  rtx_conf_cm.o(.emb_text)
    rt_set_PSP                               0x0800024d   Thumb Code     6  hal_cm4.o(.emb_text)
    rt_get_PSP                               0x08000253   Thumb Code     6  hal_cm4.o(.emb_text)
    os_set_env                               0x08000259   Thumb Code    24  hal_cm4.o(.emb_text)
    _alloc_box                               0x08000275   Thumb Code    28  hal_cm4.o(.emb_text)
    _free_box                                0x08000295   Thumb Code    28  hal_cm4.o(.emb_text)
    SVC_Handler                              0x080002b5   Thumb Code   168  hal_cm4.o(.emb_text)
    PendSV_Handler                           0x0800036d   Thumb Code    96  hal_cm4.o(.emb_text)
    SysTick_Handler                          0x080003d1   Thumb Code     8  hal_cm4.o(.emb_text)
    OS_Tick_Handler                          0x080003d9   Thumb Code    12  hal_cm4.o(.emb_text)
    Reset_Handler                            0x080003e5   Thumb Code     8  startup_stm32f407xx.o(.text)
    NMI_Handler                              0x080003ed   Thumb Code     2  startup_stm32f407xx.o(.text)
    HardFault_Handler                        0x080003ef   Thumb Code     2  startup_stm32f407xx.o(.text)
    MemManage_Handler                        0x080003f1   Thumb Code     2  startup_stm32f407xx.o(.text)
    BusFault_Handler                         0x080003f3   Thumb Code     2  startup_stm32f407xx.o(.text)
    UsageFault_Handler                       0x080003f5   Thumb Code     2  startup_stm32f407xx.o(.text)
    DebugMon_Handler                         0x080003f9   Thumb Code     2  startup_stm32f407xx.o(.text)
    ADC_IRQHandler                           0x080003ff   Thumb Code     0  startup_stm32f407xx.o(.text)
    CAN1_RX0_IRQHandler                      0x080003ff   Thumb Code     0  startup_stm32f407xx.o(.text)
    CAN1_RX1_IRQHandler                      0x080003ff   Thumb Code     0  startup_stm32f407xx.o(.text)
    CAN1_SCE_IRQHandler                      0x080003ff   Thumb Code     0  startup_stm32f407xx.o(.text)
    CAN1_TX_IRQHandler                       0x080003ff   Thumb Code     0  startup_stm32f407xx.o(.text)
    CAN2_RX0_IRQHandler                      0x080003ff   Thumb Code     0  startup_stm32f407xx.o(.text)
    CAN2_RX1_IRQHandler                      0x080003ff   Thumb Code     0  startup_stm32f407xx.o(.text)
    CAN2_SCE_IRQHandler                      0x080003ff   Thumb Code     0  startup_stm32f407xx.o(.text)
    CAN2_TX_IRQHandler                       0x080003ff   Thumb Code     0  startup_stm32f407xx.o(.text)
    DCMI_IRQHandler                          0x080003ff   Thumb Code     0  startup_stm32f407xx.o(.text)
    DMA1_Stream0_IRQHandler                  0x080003ff   Thumb Code     0  startup_stm32f407xx.o(.text)
    DMA1_Stream1_IRQHandler                  0x080003ff   Thumb Code     0  startup_stm32f407xx.o(.text)
    DMA1_Stream2_IRQHandler                  0x080003ff   Thumb Code     0  startup_stm32f407xx.o(.text)
    DMA1_Stream3_IRQHandler                  0x080003ff   Thumb Code     0  startup_stm32f407xx.o(.text)
    DMA1_Stream4_IRQHandler                  0x080003ff   Thumb Code     0  startup_stm32f407xx.o(.text)
    DMA1_Stream5_IRQHandler                  0x080003ff   Thumb Code     0  startup_stm32f407xx.o(.text)
    DMA1_Stream6_IRQHandler                  0x080003ff   Thumb Code     0  startup_stm32f407xx.o(.text)
    DMA1_Stream7_IRQHandler                  0x080003ff   Thumb Code     0  startup_stm32f407xx.o(.text)
    DMA2_Stream0_IRQHandler                  0x080003ff   Thumb Code     0  startup_stm32f407xx.o(.text)
    DMA2_Stream1_IRQHandler                  0x080003ff   Thumb Code     0  startup_stm32f407xx.o(.text)
    DMA2_Stream2_IRQHandler                  0x080003ff   Thumb Code     0  startup_stm32f407xx.o(.text)
    DMA2_Stream3_IRQHandler                  0x080003ff   Thumb Code     0  startup_stm32f407xx.o(.text)
    DMA2_Stream4_IRQHandler                  0x080003ff   Thumb Code     0  startup_stm32f407xx.o(.text)
    DMA2_Stream5_IRQHandler                  0x080003ff   Thumb Code     0  startup_stm32f407xx.o(.text)
    DMA2_Stream6_IRQHandler                  0x080003ff   Thumb Code     0  startup_stm32f407xx.o(.text)
    DMA2_Stream7_IRQHandler                  0x080003ff   Thumb Code     0  startup_stm32f407xx.o(.text)
    ETH_IRQHandler                           0x080003ff   Thumb Code     0  startup_stm32f407xx.o(.text)
    ETH_WKUP_IRQHandler                      0x080003ff   Thumb Code     0  startup_stm32f407xx.o(.text)
    EXTI0_IRQHandler                         0x080003ff   Thumb Code     0  startup_stm32f407xx.o(.text)
    EXTI15_10_IRQHandler                     0x080003ff   Thumb Code     0  startup_stm32f407xx.o(.text)
    EXTI1_IRQHandler                         0x080003ff   Thumb Code     0  startup_stm32f407xx.o(.text)
    EXTI2_IRQHandler                         0x080003ff   Thumb Code     0  startup_stm32f407xx.o(.text)
    EXTI3_IRQHandler                         0x080003ff   Thumb Code     0  startup_stm32f407xx.o(.text)
    EXTI4_IRQHandler                         0x080003ff   Thumb Code     0  startup_stm32f407xx.o(.text)
    EXTI9_5_IRQHandler                       0x080003ff   Thumb Code     0  startup_stm32f407xx.o(.text)
    FLASH_IRQHandler                         0x080003ff   Thumb Code     0  startup_stm32f407xx.o(.text)
    FMC_IRQHandler                           0x080003ff   Thumb Code     0  startup_stm32f407xx.o(.text)
    FPU_IRQHandler                           0x080003ff   Thumb Code     0  startup_stm32f407xx.o(.text)
    HASH_RNG_IRQHandler                      0x080003ff   Thumb Code     0  startup_stm32f407xx.o(.text)
    I2C1_ER_IRQHandler                       0x080003ff   Thumb Code     0  startup_stm32f407xx.o(.text)
    I2C1_EV_IRQHandler                       0x080003ff   Thumb Code     0  startup_stm32f407xx.o(.text)
    I2C2_ER_IRQHandler                       0x080003ff   Thumb Code     0  startup_stm32f407xx.o(.text)
    I2C2_EV_IRQHandler                       0x080003ff   Thumb Code     0  startup_stm32f407xx.o(.text)
    I2C3_ER_IRQHandler                       0x080003ff   Thumb Code     0  startup_stm32f407xx.o(.text)
    I2C3_EV_IRQHandler                       0x080003ff   Thumb Code     0  startup_stm32f407xx.o(.text)
    OTG_FS_IRQHandler                        0x080003ff   Thumb Code     0  startup_stm32f407xx.o(.text)
    OTG_FS_WKUP_IRQHandler                   0x080003ff   Thumb Code     0  startup_stm32f407xx.o(.text)
    OTG_HS_EP1_IN_IRQHandler                 0x080003ff   Thumb Code     0  startup_stm32f407xx.o(.text)
    OTG_HS_EP1_OUT_IRQHandler                0x080003ff   Thumb Code     0  startup_stm32f407xx.o(.text)
    OTG_HS_IRQHandler                        0x080003ff   Thumb Code     0  startup_stm32f407xx.o(.text)
    OTG_HS_WKUP_IRQHandler                   0x080003ff   Thumb Code     0  startup_stm32f407xx.o(.text)
    PVD_IRQHandler                           0x080003ff   Thumb Code     0  startup_stm32f407xx.o(.text)
    RCC_IRQHandler                           0x080003ff   Thumb Code     0  startup_stm32f407xx.o(.text)
    RTC_Alarm_IRQHandler                     0x080003ff   Thumb Code     0  startup_stm32f407xx.o(.text)
    RTC_WKUP_IRQHandler                      0x080003ff   Thumb Code     0  startup_stm32f407xx.o(.text)
    SDIO_IRQHandler                          0x080003ff   Thumb Code     0  startup_stm32f407xx.o(.text)
    SPI1_IRQHandler                          0x080003ff   Thumb Code     0  startup_stm32f407xx.o(.text)
    SPI2_IRQHandler                          0x080003ff   Thumb Code     0  startup_stm32f407xx.o(.text)
    SPI3_IRQHandler                          0x080003ff   Thumb Code     0  startup_stm32f407xx.o(.text)
    TAMP_STAMP_IRQHandler                    0x080003ff   Thumb Code     0  startup_stm32f407xx.o(.text)
    TIM1_BRK_TIM9_IRQHandler                 0x080003ff   Thumb Code     0  startup_stm32f407xx.o(.text)
    TIM1_CC_IRQHandler                       0x080003ff   Thumb Code     0  startup_stm32f407xx.o(.text)
    TIM1_TRG_COM_TIM11_IRQHandler            0x080003ff   Thumb Code     0  startup_stm32f407xx.o(.text)
    TIM1_UP_TIM10_IRQHandler                 0x080003ff   Thumb Code     0  startup_stm32f407xx.o(.text)
    TIM2_IRQHandler                          0x080003ff   Thumb Code     0  startup_stm32f407xx.o(.text)
    TIM3_IRQHandler                          0x080003ff   Thumb Code     0  startup_stm32f407xx.o(.text)
    TIM4_IRQHandler                          0x080003ff   Thumb Code     0  startup_stm32f407xx.o(.text)
    TIM5_IRQHandler                          0x080003ff   Thumb Code     0  startup_stm32f407xx.o(.text)
    TIM6_DAC_IRQHandler                      0x080003ff   Thumb Code     0  startup_stm32f407xx.o(.text)
    TIM7_IRQHandler                          0x080003ff   Thumb Code     0  startup_stm32f407xx.o(.text)
    TIM8_BRK_TIM12_IRQHandler                0x080003ff   Thumb Code     0  startup_stm32f407xx.o(.text)
    TIM8_CC_IRQHandler                       0x080003ff   Thumb Code     0  startup_stm32f407xx.o(.text)
    TIM8_TRG_COM_TIM14_IRQHandler            0x080003ff   Thumb Code     0  startup_stm32f407xx.o(.text)
    TIM8_UP_TIM13_IRQHandler                 0x080003ff   Thumb Code     0  startup_stm32f407xx.o(.text)
    UART4_IRQHandler                         0x080003ff   Thumb Code     0  startup_stm32f407xx.o(.text)
    UART5_IRQHandler                         0x080003ff   Thumb Code     0  startup_stm32f407xx.o(.text)
    USART1_IRQHandler                        0x080003ff   Thumb Code     0  startup_stm32f407xx.o(.text)
    USART2_IRQHandler                        0x080003ff   Thumb Code     0  startup_stm32f407xx.o(.text)
    USART3_IRQHandler                        0x080003ff   Thumb Code     0  startup_stm32f407xx.o(.text)
    USART6_IRQHandler                        0x080003ff   Thumb Code     0  startup_stm32f407xx.o(.text)
    WWDG_IRQHandler                          0x080003ff   Thumb Code     0  startup_stm32f407xx.o(.text)
    __user_initial_stackheap                 0x08000401   Thumb Code     0  startup_stm32f407xx.o(.text)
    __user_libspace                          0x08000425   Thumb Code     8  libspace.o(.text)
    __user_perproc_libspace                  0x08000425   Thumb Code     0  libspace.o(.text)
    exit                                     0x0800042d   Thumb Code    18  exit.o(.text)
    __aeabi_memcpy4                          0x0800043f   Thumb Code     0  rt_memcpy_w.o(.text)
    __aeabi_memcpy8                          0x0800043f   Thumb Code     0  rt_memcpy_w.o(.text)
    __rt_memcpy_w                            0x0800043f   Thumb Code   100  rt_memcpy_w.o(.text)
    _memcpy_lastbytes_aligned                0x08000487   Thumb Code     0  rt_memcpy_w.o(.text)
    __use_two_region_memory                  0x080004a3   Thumb Code     2  heapauxi.o(.text)
    __rt_heap_escrow$2region                 0x080004a5   Thumb Code     2  heapauxi.o(.text)
    __rt_heap_expand$2region                 0x080004a7   Thumb Code     2  heapauxi.o(.text)
    _sys_exit                                0x080004a9   Thumb Code     8  sys_exit.o(.text)
    __user_setup_stackheap                   0x080004b5   Thumb Code    74  sys_stackheap_outer.o(.text)
    __I$use$semihosting                      0x080004ff   Thumb Code     0  use_no_semi.o(.text)
    __use_no_semihosting_swi                 0x080004ff   Thumb Code     2  use_no_semi.o(.text)
    SVC_Count                                0x08000500   Data           4  svc_table.o(SVC_TABLE)
    __semihosting_library_function           0x08000501   Thumb Code     0  indicate_semi.o(.text)
    BTN_initialize                           0x08000505   Thumb Code    62  main.o(i.BTN_initialize)
    SVC_Table                                0x08000504   Data           0  svc_table.o(SVC_TABLE)
    HAL_GPIO_Init                            0x08000551   Thumb Code   476  stm32f4xx_hal_gpio.o(i.HAL_GPIO_Init)
    HAL_GPIO_ReadPin                         0x0800075d   Thumb Code    16  stm32f4xx_hal_gpio.o(i.HAL_GPIO_ReadPin)
    HAL_GPIO_WritePin                        0x0800076d   Thumb Code    12  stm32f4xx_hal_gpio.o(i.HAL_GPIO_WritePin)
    HAL_GetTick                              0x08000779   Thumb Code     6  main.o(i.HAL_GetTick)
    HAL_I2C_Master_Transmit                  0x08000785   Thumb Code   338  stm32f4xx_hal_i2c.o(i.HAL_I2C_Master_Transmit)
    HAL_Init                                 0x080008e1   Thumb Code    54  stm32f4xx_hal.o(i.HAL_Init)
    HAL_InitTick                             0x0800091d   Thumb Code    36  stm32f4xx_hal.o(i.HAL_InitTick)
    HAL_MspInit                              0x08000945   Thumb Code     2  stm32f4xx_hal.o(i.HAL_MspInit)
    HAL_NVIC_SetPriority                     0x08000947   Thumb Code   124  stm32f4xx_hal_cortex.o(i.HAL_NVIC_SetPriority)
    HAL_NVIC_SetPriorityGrouping             0x080009c5   Thumb Code    32  stm32f4xx_hal_cortex.o(i.HAL_NVIC_SetPriorityGrouping)
    HAL_RCC_ClockConfig                      0x080009ed   Thumb Code   446  stm32f4xx_hal_rcc.o(i.HAL_RCC_ClockConfig)
    HAL_RCC_GetSysClockFreq                  0x08000bbd   Thumb Code   168  stm32f4xx_hal_rcc.o(i.HAL_RCC_GetSysClockFreq)
    HAL_RCC_OscConfig                        0x08000c71   Thumb Code   914  stm32f4xx_hal_rcc.o(i.HAL_RCC_OscConfig)
    HAL_SPI_Init                             0x08001015   Thumb Code   140  stm32f4xx_hal_spi.o(i.HAL_SPI_Init)
    HAL_SPI_MspInit                          0x080010a1   Thumb Code     2  stm32f4xx_hal_spi.o(i.HAL_SPI_MspInit)
    HAL_SPI_Receive                          0x080010a3   Thumb Code   364  stm32f4xx_hal_spi.o(i.HAL_SPI_Receive)
    HAL_SPI_Transmit                         0x0800120f   Thumb Code   422  stm32f4xx_hal_spi.o(i.HAL_SPI_Transmit)
    HAL_SPI_TransmitReceive                  0x080013b5   Thumb Code   542  stm32f4xx_hal_spi.o(i.HAL_SPI_TransmitReceive)
    HAL_SYSTICK_Config                       0x080015d3   Thumb Code    52  stm32f4xx_hal_cortex.o(i.HAL_SYSTICK_Config)
    Init_Thread                              0x080018cd   Thumb Code    54  threads.o(i.Init_Thread)
    Init_accel                               0x08001915   Thumb Code   284  main.o(i.Init_accel)
    LED_initialize                           0x08001a35   Thumb Code    86  main.o(i.LED_initialize)
    LED_set                                  0x08001a99   Thumb Code    18  main.o(i.LED_set)
    ReadSPI                                  0x08001ab1   Thumb Code    72  main.o(i.ReadSPI)
    Single_WriteI2C                          0x08001bd1   Thumb Code    36  main.o(i.Single_WriteI2C)
    Sys_init                                 0x08001bf9   Thumb Code   252  main.o(i.Sys_init)
    SystemClock_Config                       0x08001d11   Thumb Code   154  main.o(i.SystemClock_Config)
    SystemInit                               0x08001db5   Thumb Code    42  system_stm32f4xx.o(i.SystemInit)
    WriteSPI                                 0x08001de9   Thumb Code    52  main.o(i.WriteSPI)
    _init_box                                0x08001e59   Thumb Code    70  rt_membox.o(i._init_box)
    _mutex_acquire                           0x08001ea1   Thumb Code    22  rtx_conf_cm.o(i._mutex_acquire)
    _mutex_release                           0x08001ec1   Thumb Code    18  rtx_conf_cm.o(i._mutex_release)
    blueThread                               0x08001edd   Thumb Code   188  threads.o(i.blueThread)
    btnThread                                0x08001f9d   Thumb Code    20  threads.o(i.btnThread)
    dbg_init                                 0x08001fb9   Thumb Code    34  hal_cm.o(i.dbg_init)
    dbg_task_notify                          0x08001fe9   Thumb Code    32  hal_cm.o(i.dbg_task_notify)
    dbg_task_switch                          0x08002009   Thumb Code    16  hal_cm.o(i.dbg_task_switch)
    isrMessageGet                            0x08002019   Thumb Code    42  rt_cmsis.o(i.isrMessageGet)
    isrMessagePut                            0x08002043   Thumb Code    44  rt_cmsis.o(i.isrMessagePut)
    isr_mbx_receive                          0x08002071   Thumb Code    86  rt_mailbox.o(i.isr_mbx_receive)
    isr_mbx_send                             0x080020c7   Thumb Code    14  rt_mailbox.o(i.isr_mbx_send)
    main                                     0x080020d5   Thumb Code    44  main.o(i.main)
    mainThread                               0x08002101   Thumb Code   256  threads.o(i.mainThread)
    osDelay                                  0x0800221d   Thumb Code    18  rt_cmsis.o(i.osDelay)
    osKernelInitialize                       0x08002235   Thumb Code    30  rt_cmsis.o(i.osKernelInitialize)
    osKernelStart                            0x08002259   Thumb Code    98  rt_cmsis.o(i.osKernelStart)
    osMessageGet                             0x080022c5   Thumb Code    18  rt_cmsis.o(i.osMessageGet)
    osThreadCreate                           0x080022dd   Thumb Code    38  rt_cmsis.o(i.osThreadCreate)
    osThreadExit                             0x0800230d   Thumb Code    14  rt_cmsis.o(i.osThreadExit)
    osThreadTerminate                        0x08002325   Thumb Code    18  rt_cmsis.o(i.osThreadTerminate)
    osTimerCall                              0x0800233d   Thumb Code     8  rt_cmsis.o(i.osTimerCall)
    osTimerThread                            0x08002349   Thumb Code    38  rt_cmsis.o(i.osTimerThread)
    os_error                                 0x08002375   Thumb Code    34  rtx_conf_cm.o(i.os_error)
    os_idle_demon                            0x08002397   Thumb Code     4  rtx_conf_cm.o(i.os_idle_demon)
    os_tick_init                             0x0800239d   Thumb Code    32  rt_system.o(i.os_tick_init)
    os_tick_irqack                           0x080023c5   Thumb Code     2  rt_system.o(i.os_tick_irqack)
    rt_alloc_box                             0x080023c7   Thumb Code    26  rt_membox.o(i.rt_alloc_box)
    rt_alloc_mem                             0x080023e1   Thumb Code    62  rt_memory.o(i.rt_alloc_mem)
    rt_block                                 0x08002421   Thumb Code    48  rt_task.o(i.rt_block)
    rt_chk_robin                             0x08002459   Thumb Code    60  rt_robin.o(i.rt_chk_robin)
    rt_dec_dly                               0x080024a1   Thumb Code   102  rt_list.o(i.rt_dec_dly)
    rt_dispatch                              0x08002511   Thumb Code    60  rt_task.o(i.rt_dispatch)
    rt_dly_wait                              0x08002555   Thumb Code     6  rt_time.o(i.rt_dly_wait)
    rt_evt_psh                               0x0800255d   Thumb Code    76  rt_event.o(i.rt_evt_psh)
    rt_free_box                              0x080025ad   Thumb Code    44  rt_membox.o(i.rt_free_box)
    rt_free_mem                              0x080025d9   Thumb Code    40  rt_memory.o(i.rt_free_mem)
    rt_get_first                             0x08002601   Thumb Code    40  rt_list.o(i.rt_get_first)
    rt_init_mem                              0x08002679   Thumb Code    26  rt_memory.o(i.rt_init_mem)
    rt_init_robin                            0x08002695   Thumb Code    14  rt_robin.o(i.rt_init_robin)
    rt_init_stack                            0x080026ad   Thumb Code   118  hal_cm.o(i.rt_init_stack)
    rt_mbx_check                             0x0800272d   Thumb Code     8  rt_mailbox.o(i.rt_mbx_check)
    rt_mbx_init                              0x08002735   Thumb Code    26  rt_mailbox.o(i.rt_mbx_init)
    rt_mbx_psh                               0x08002751   Thumb Code   236  rt_mailbox.o(i.rt_mbx_psh)
    rt_mbx_wait                              0x08002841   Thumb Code   174  rt_mailbox.o(i.rt_mbx_wait)
    rt_mut_release                           0x08002939   Thumb Code   208  rt_mutex.o(i.rt_mut_release)
    rt_mut_wait                              0x08002a11   Thumb Code   100  rt_mutex.o(i.rt_mut_wait)
    rt_pop_req                               0x08002a79   Thumb Code   112  rt_system.o(i.rt_pop_req)
    rt_psh_req                               0x08002af5   Thumb Code    22  rt_system.o(i.rt_psh_req)
    rt_psq_enq                               0x08002b15   Thumb Code    88  rt_list.o(i.rt_psq_enq)
    rt_put_dly                               0x08002b71   Thumb Code    68  rt_list.o(i.rt_put_dly)
    rt_put_prio                              0x08002bb9   Thumb Code    54  rt_list.o(i.rt_put_prio)
    rt_put_rdy_first                         0x08002bf1   Thumb Code    14  rt_list.o(i.rt_put_rdy_first)
    rt_resort_prio                           0x08002c05   Thumb Code    46  rt_list.o(i.rt_resort_prio)
    rt_ret_val                               0x08002c49   Thumb Code    12  hal_cm.o(i.rt_ret_val)
    rt_ret_val2                              0x08002c55   Thumb Code    16  hal_cm.o(i.rt_ret_val2)
    rt_rmv_dly                               0x08002c65   Thumb Code    40  rt_list.o(i.rt_rmv_dly)
    rt_rmv_list                              0x08002c8d   Thumb Code    44  rt_list.o(i.rt_rmv_list)
    rt_sem_psh                               0x08002cbd   Thumb Code    48  rt_semaphore.o(i.rt_sem_psh)
    rt_stk_check                             0x08002cf1   Thumb Code    28  rt_system.o(i.rt_stk_check)
    rt_switch_req                            0x08002d15   Thumb Code    30  rt_task.o(i.rt_switch_req)
    rt_sys_init                              0x08002d3d   Thumb Code   138  rt_task.o(i.rt_sys_init)
    rt_sys_start                             0x08002e09   Thumb Code   110  rt_task.o(i.rt_sys_start)
    rt_systick                               0x08002e81   Thumb Code    50  rt_system.o(i.rt_systick)
    rt_tsk_create                            0x08002f09   Thumb Code   118  rt_task.o(i.rt_tsk_create)
    rt_tsk_delete                            0x08002f91   Thumb Code   352  rt_task.o(i.rt_tsk_delete)
    rt_tsk_prio                              0x0800310d   Thumb Code   108  rt_task.o(i.rt_tsk_prio)
    rt_tsk_self                              0x08003189   Thumb Code    12  rt_task.o(i.rt_tsk_self)
    svcDelay                                 0x08003199   Thumb Code    18  rt_cmsis.o(i.svcDelay)
    svcKernelInitialize                      0x080031ad   Thumb Code    80  rt_cmsis.o(i.svcKernelInitialize)
    svcKernelStart                           0x0800321d   Thumb Code    62  rt_cmsis.o(i.svcKernelStart)
    svcMessageCreate                         0x08003265   Thumb Code    36  rt_cmsis.o(i.svcMessageCreate)
    svcMessageGet                            0x08003289   Thumb Code    58  rt_cmsis.o(i.svcMessageGet)
    svcThreadCreate                          0x080032c5   Thumb Code   100  rt_cmsis.o(i.svcThreadCreate)
    svcThreadGetId                           0x08003335   Thumb Code    22  rt_cmsis.o(i.svcThreadGetId)
    svcThreadTerminate                       0x08003351   Thumb Code    50  rt_cmsis.o(i.svcThreadTerminate)
    svcTimerCall                             0x08003389   Thumb Code    24  rt_cmsis.o(i.svcTimerCall)
    sysTimerTick                             0x080033a1   Thumb Code    84  rt_cmsis.o(i.sysTimerTick)
    thread_accel                             0x080033fd   Thumb Code   672  threads.o(i.thread_accel)
    _fp_init                                 0x080036a9   Thumb Code    10  fpinit.o(x$fpl$fpinit)
    __fplib_config_fpu_vfp                   0x080036b1   Thumb Code     0  fpinit.o(x$fpl$fpinit)
    __fplib_config_pureend_doubles           0x080036b1   Thumb Code     0  fpinit.o(x$fpl$fpinit)
    os_thread_def_mainThread                 0x080036b4   Data          16  threads.o(.constdata)
    os_thread_def_btnThread                  0x080036c4   Data          16  threads.o(.constdata)
    os_thread_def_blueThread                 0x080036d4   Data          16  threads.o(.constdata)
    os_maxtaskrun                            0x080036e4   Data           2  rtx_conf_cm.o(.constdata)
    os_stackinfo                             0x080036e8   Data           4  rtx_conf_cm.o(.constdata)
    os_rrobin                                0x080036ec   Data           4  rtx_conf_cm.o(.constdata)
    os_tickfreq                              0x080036f0   Data           4  rtx_conf_cm.o(.constdata)
    os_tickus_i                              0x080036f4   Data           2  rtx_conf_cm.o(.constdata)
    os_tickus_f                              0x080036f6   Data           2  rtx_conf_cm.o(.constdata)
    os_trv                                   0x080036f8   Data           4  rtx_conf_cm.o(.constdata)
    os_flags                                 0x080036fc   Data           1  rtx_conf_cm.o(.constdata)
    CMSIS_RTOS_API_Version                   0x08003700   Data           4  rtx_conf_cm.o(.constdata)
    CMSIS_RTOS_RTX_Version                   0x08003704   Data           4  rtx_conf_cm.o(.constdata)
    os_clockrate                             0x08003708   Data           4  rtx_conf_cm.o(.constdata)
    os_timernum                              0x0800370c   Data           4  rtx_conf_cm.o(.constdata)
    mp_tcb_size                              0x08003710   Data           2  rtx_conf_cm.o(.constdata)
    mp_stk_size                              0x08003714   Data           4  rtx_conf_cm.o(.constdata)
    os_stack_sz                              0x08003718   Data           4  rtx_conf_cm.o(.constdata)
    os_fifo_size                             0x0800371c   Data           1  rtx_conf_cm.o(.constdata)
    os_thread_def_osTimerThread              0x08003720   Data          16  rtx_conf_cm.o(.constdata)
    os_messageQ_def_osTimerMessageQ          0x08003730   Data           8  rtx_conf_cm.o(.constdata)
    mp_tmr_size                              0x08003738   Data           2  rtx_conf_cm.o(.constdata)
    os_thread_def_main                       0x0800373c   Data          16  rtx_conf_cm.o(.constdata)
    APBAHBPrescTable                         0x0800374c   Data          16  stm32f4xx_hal_rcc.o(.constdata)
    Region$$Table$$Base                      0x0800375c   Number         0  anon$$obj.o(Region$$Table)
    Region$$Table$$Limit                     0x0800377c   Number         0  anon$$obj.o(Region$$Table)
    tid_mainThread                           0x20000000   Data           4  threads.o(.data)
    tid_btnThread                            0x20000004   Data           4  threads.o(.data)
    tid_blueThread                           0x20000008   Data           4  threads.o(.data)
    FlagBtnStatus                            0x2000000c   Data           1  threads.o(.data)
    is_system_in_DII                         0x2000000d   Data           1  threads.o(.data)
    thread_type                              0x2000000e   Data           1  threads.o(.data)
    reduce_crossing                          0x2000000f   Data           1  threads.o(.data)
    is_it_first                              0x20000010   Data           1  threads.o(.data)
    osThreadId_osTimerThread                 0x20000014   Data           4  rtx_conf_cm.o(.data)
    osMessageQId_osTimerMessageQ             0x20000018   Data           4  rtx_conf_cm.o(.data)
    os_tmr                                   0x2000001c   Data           4  rtx_conf_cm.o(.data)
    m_tmr                                    0x20000020   Data           4  rtx_conf_cm.o(.data)
    SystemCoreClock                          0x20000028   Data           4  system_stm32f4xx.o(.data)
    AHBPrescTable                            0x2000002c   Data          16  system_stm32f4xx.o(.data)
    os_initialized                           0x2000003c   Data           1  rt_cmsis.o(.data)
    os_running                               0x2000003d   Data           1  rt_cmsis.o(.data)
    os_timer_head                            0x20000040   Data           4  rt_cmsis.o(.data)
    os_tsk                                   0x20000044   Data           8  rt_task.o(.data)
    os_time                                  0x2000004c   Data           4  rt_time.o(.data)
    os_tick_irqn                             0x20000054   Data           4  rt_system.o(.data)
    os_robin                                 0x20000058   Data           8  rt_robin.o(.data)
    dbg_msg                                  0x20000060   Data           1  hal_cm.o(.data)
    SPI_Params                               0x20000064   Data          88  main.o(.bss)
    hi2c1                                    0x200000bc   Data          84  main.o(.bss)
    mp_tcb                                   0x20000110   Data         584  rtx_conf_cm.o(.bss)
    mp_stk                                   0x20000358   Data       28688  rtx_conf_cm.o(.bss)
    os_stack_mem                             0x20007368   Data       12480  rtx_conf_cm.o(.bss)
    os_fifo                                  0x2000a428   Data         132  rtx_conf_cm.o(.bss)
    os_active_TCB                            0x2000a4ac   Data          44  rtx_conf_cm.o(.bss)
    os_messageQ_q_osTimerMessageQ            0x2000a4d8   Data          32  rtx_conf_cm.o(.bss)
    os_idle_TCB                              0x2000a998   Data          52  rt_task.o(.bss)
    os_rdy                                   0x2000a9cc   Data          24  rt_list.o(.bss)
    os_dly                                   0x2000a9e4   Data          24  rt_list.o(.bss)
    __libspace_start                         0x2000a9fc   Data          96  libspace.o(.bss)
    __temporary_stack_top$libspace           0x2000aa5c   Data           0  libspace.o(.bss)



==============================================================================

Memory Map of the image

  Image Entry point : 0x08000189

  Load Region LR_IROM1 (Base: 0x08000000, Size: 0x000037e0, Max: 0x00100000, ABSOLUTE)

    Execution Region ER_IROM1 (Base: 0x08000000, Size: 0x0000377c, Max: 0x00100000, ABSOLUTE)

    Base Addr    Size         Type   Attr      Idx    E Section Name        Object

    0x08000000   0x00000188   Data   RO         3734    RESET               startup_stm32f407xx.o
    0x08000188   0x00000008   Code   RO         5007  * !!!main             c_w.l(__main.o)
    0x08000190   0x00000034   Code   RO         5168    !!!scatter          c_w.l(__scatter.o)
    0x080001c4   0x0000001a   Code   RO         5170    !!handler_copy      c_w.l(__scatter_copy.o)
    0x080001de   0x00000002   PAD
    0x080001e0   0x0000001c   Code   RO         5172    !!handler_zi        c_w.l(__scatter_zi.o)
    0x080001fc   0x00000002   Code   RO         5054    .ARM.Collect$$libinit$$00000000  c_w.l(libinit.o)
    0x080001fe   0x00000004   Code   RO         5065    .ARM.Collect$$libinit$$00000001  c_w.l(libinit2.o)
    0x08000202   0x00000000   Code   RO         5068    .ARM.Collect$$libinit$$00000004  c_w.l(libinit2.o)
    0x08000202   0x00000000   Code   RO         5071    .ARM.Collect$$libinit$$0000000A  c_w.l(libinit2.o)
    0x08000202   0x00000000   Code   RO         5073    .ARM.Collect$$libinit$$0000000C  c_w.l(libinit2.o)
    0x08000202   0x00000000   Code   RO         5075    .ARM.Collect$$libinit$$0000000E  c_w.l(libinit2.o)
    0x08000202   0x00000000   Code   RO         5078    .ARM.Collect$$libinit$$00000011  c_w.l(libinit2.o)
    0x08000202   0x00000000   Code   RO         5080    .ARM.Collect$$libinit$$00000013  c_w.l(libinit2.o)
    0x08000202   0x00000000   Code   RO         5082    .ARM.Collect$$libinit$$00000015  c_w.l(libinit2.o)
    0x08000202   0x00000000   Code   RO         5084    .ARM.Collect$$libinit$$00000017  c_w.l(libinit2.o)
    0x08000202   0x00000000   Code   RO         5086    .ARM.Collect$$libinit$$00000019  c_w.l(libinit2.o)
    0x08000202   0x00000000   Code   RO         5088    .ARM.Collect$$libinit$$0000001B  c_w.l(libinit2.o)
    0x08000202   0x00000000   Code   RO         5090    .ARM.Collect$$libinit$$0000001D  c_w.l(libinit2.o)
    0x08000202   0x00000000   Code   RO         5092    .ARM.Collect$$libinit$$0000001F  c_w.l(libinit2.o)
    0x08000202   0x00000000   Code   RO         5094    .ARM.Collect$$libinit$$00000021  c_w.l(libinit2.o)
    0x08000202   0x00000000   Code   RO         5096    .ARM.Collect$$libinit$$00000023  c_w.l(libinit2.o)
    0x08000202   0x00000000   Code   RO         5098    .ARM.Collect$$libinit$$00000025  c_w.l(libinit2.o)
    0x08000202   0x00000000   Code   RO         5102    .ARM.Collect$$libinit$$0000002C  c_w.l(libinit2.o)
    0x08000202   0x00000000   Code   RO         5104    .ARM.Collect$$libinit$$0000002E  c_w.l(libinit2.o)
    0x08000202   0x00000000   Code   RO         5106    .ARM.Collect$$libinit$$00000030  c_w.l(libinit2.o)
    0x08000202   0x00000000   Code   RO         5108    .ARM.Collect$$libinit$$00000032  c_w.l(libinit2.o)
    0x08000202   0x00000002   Code   RO         5109    .ARM.Collect$$libinit$$00000033  c_w.l(libinit2.o)
    0x08000204   0x00000002   Code   RO         5055    .ARM.Collect$$libshutdown$$00000000  c_w.l(libshutdown.o)
    0x08000206   0x00000000   Code   RO         5111    .ARM.Collect$$libshutdown$$00000002  c_w.l(libshutdown2.o)
    0x08000206   0x00000000   Code   RO         5113    .ARM.Collect$$libshutdown$$00000004  c_w.l(libshutdown2.o)
    0x08000206   0x00000000   Code   RO         5116    .ARM.Collect$$libshutdown$$00000007  c_w.l(libshutdown2.o)
    0x08000206   0x00000000   Code   RO         5119    .ARM.Collect$$libshutdown$$0000000A  c_w.l(libshutdown2.o)
    0x08000206   0x00000000   Code   RO         5121    .ARM.Collect$$libshutdown$$0000000C  c_w.l(libshutdown2.o)
    0x08000206   0x00000000   Code   RO         5124    .ARM.Collect$$libshutdown$$0000000F  c_w.l(libshutdown2.o)
    0x08000206   0x00000002   Code   RO         5125    .ARM.Collect$$libshutdown$$00000010  c_w.l(libshutdown2.o)
    0x08000208   0x00000000   Code   RO         5009    .ARM.Collect$$rtentry$$00000000  c_w.l(__rtentry.o)
    0x08000208   0x00000000   Code   RO         5017    .ARM.Collect$$rtentry$$00000002  c_w.l(__rtentry2.o)
    0x08000208   0x00000006   Code   RO         5029    .ARM.Collect$$rtentry$$00000004  c_w.l(__rtentry4.o)
    0x0800020e   0x00000000   Code   RO         5019    .ARM.Collect$$rtentry$$00000009  c_w.l(__rtentry2.o)
    0x0800020e   0x00000004   Code   RO         5020    .ARM.Collect$$rtentry$$0000000A  c_w.l(__rtentry2.o)
    0x08000212   0x00000008   Code   RO         5021    .ARM.Collect$$rtentry$$0000000B  c_w.l(__rtentry2.o)
    0x0800021a   0x00000008   Code   RO         5023    .ARM.Collect$$rtentry$$0000000D  c_w.l(__rtentry2.o)
    0x08000222   0x00000002   Code   RO         5010    .ARM.Collect$$rtexit$$00000000  c_w.l(rtexit.o)
    0x08000224   0x00000000   Code   RO         5032    .ARM.Collect$$rtexit$$00000002  c_w.l(rtexit2.o)
    0x08000224   0x00000004   Code   RO         5033    .ARM.Collect$$rtexit$$00000003  c_w.l(rtexit2.o)
    0x08000228   0x00000006   Code   RO         5034    .ARM.Collect$$rtexit$$00000004  c_w.l(rtexit2.o)
    0x0800022e   0x00000002   PAD
    0x08000230   0x0000001c   Code   RO          301    .emb_text           rtx_conf_cm.o
    0x0800024c   0x00000198   Code   RO         4981    .emb_text           RTX_CM4.lib(hal_cm4.o)
    0x080003e4   0x00000040   Code   RO         3735    .text               startup_stm32f407xx.o
    0x08000424   0x00000008   Code   RO         4996    .text               c_w.l(libspace.o)
    0x0800042c   0x00000012   Code   RO         5001    .text               c_w.l(exit.o)
    0x0800043e   0x00000064   Code   RO         5003    .text               c_w.l(rt_memcpy_w.o)
    0x080004a2   0x00000006   Code   RO         5005    .text               c_w.l(heapauxi.o)
    0x080004a8   0x0000000c   Code   RO         5040    .text               c_w.l(sys_exit.o)
    0x080004b4   0x0000004a   Code   RO         5042    .text               c_w.l(sys_stackheap_outer.o)
    0x080004fe   0x00000002   Code   RO         5056    .text               c_w.l(use_no_semi.o)
    0x08000500   0x00000000   Code   RO         5058    .text               c_w.l(indicate_semi.o)
    0x08000500   0x00000004   Code   RO         4991    SVC_TABLE           RTX_CM4.lib(svc_table.o)
    0x08000504   0x00000048   Code   RO            4    i.BTN_initialize    main.o
    0x0800054c   0x00000004   Code   RO            5    i.Error_Handler     main.o
    0x08000550   0x0000020c   Code   RO         1012    i.HAL_GPIO_Init     stm32f4xx_hal_gpio.o
    0x0800075c   0x00000010   Code   RO         1014    i.HAL_GPIO_ReadPin  stm32f4xx_hal_gpio.o
    0x0800076c   0x0000000c   Code   RO         1016    i.HAL_GPIO_WritePin  stm32f4xx_hal_gpio.o
    0x08000778   0x0000000c   Code   RO            6    i.HAL_GetTick       main.o
    0x08000784   0x0000015c   Code   RO         1097    i.HAL_I2C_Master_Transmit  stm32f4xx_hal_i2c.o
    0x080008e0   0x0000003c   Code   RO          377    i.HAL_Init          stm32f4xx_hal.o
    0x0800091c   0x00000028   Code   RO          378    i.HAL_InitTick      stm32f4xx_hal.o
    0x08000944   0x00000002   Code   RO          380    i.HAL_MspInit       stm32f4xx_hal.o
    0x08000946   0x0000007c   Code   RO          518    i.HAL_NVIC_SetPriority  stm32f4xx_hal_cortex.o
    0x080009c2   0x00000002   PAD
    0x080009c4   0x00000028   Code   RO          519    i.HAL_NVIC_SetPriorityGrouping  stm32f4xx_hal_cortex.o
    0x080009ec   0x000001d0   Code   RO         1953    i.HAL_RCC_ClockConfig  stm32f4xx_hal_rcc.o
    0x08000bbc   0x000000b4   Code   RO         1962    i.HAL_RCC_GetSysClockFreq  stm32f4xx_hal_rcc.o
    0x08000c70   0x000003a4   Code   RO         1965    i.HAL_RCC_OscConfig  stm32f4xx_hal_rcc.o
    0x08001014   0x0000008c   Code   RO         2099    i.HAL_SPI_Init      stm32f4xx_hal_spi.o
    0x080010a0   0x00000002   Code   RO         2101    i.HAL_SPI_MspInit   stm32f4xx_hal_spi.o
    0x080010a2   0x0000016c   Code   RO         2102    i.HAL_SPI_Receive   stm32f4xx_hal_spi.o
    0x0800120e   0x000001a6   Code   RO         2107    i.HAL_SPI_Transmit  stm32f4xx_hal_spi.o
    0x080013b4   0x0000021e   Code   RO         2108    i.HAL_SPI_TransmitReceive  stm32f4xx_hal_spi.o
    0x080015d2   0x00000034   Code   RO          523    i.HAL_SYSTICK_Config  stm32f4xx_hal_cortex.o
    0x08001606   0x00000034   Code   RO         1124    i.I2C_IsAcknowledgeFailed  stm32f4xx_hal_i2c.o
    0x0800163a   0x00000002   PAD
    0x0800163c   0x000000c0   Code   RO         1128    i.I2C_MasterRequestWrite  stm32f4xx_hal_i2c.o
    0x080016fc   0x00000056   Code   RO         1143    i.I2C_WaitOnBTFFlagUntilTimeout  stm32f4xx_hal_i2c.o
    0x08001752   0x00000078   Code   RO         1144    i.I2C_WaitOnFlagUntilTimeout  stm32f4xx_hal_i2c.o
    0x080017ca   0x000000ac   Code   RO         1145    i.I2C_WaitOnMasterAddressFlagUntilTimeout  stm32f4xx_hal_i2c.o
    0x08001876   0x00000056   Code   RO         1148    i.I2C_WaitOnTXEFlagUntilTimeout  stm32f4xx_hal_i2c.o
    0x080018cc   0x00000048   Code   RO          238    i.Init_Thread       threads.o
    0x08001914   0x00000120   Code   RO            8    i.Init_accel        main.o
    0x08001a34   0x00000064   Code   RO            9    i.LED_initialize    main.o
    0x08001a98   0x00000018   Code   RO           10    i.LED_set           main.o
    0x08001ab0   0x0000004c   Code   RO           11    i.ReadSPI           main.o
    0x08001afc   0x00000028   Code   RO         2121    i.SPI_CheckFlag_BSY  stm32f4xx_hal_spi.o
    0x08001b24   0x000000aa   Code   RO         2137    i.SPI_WaitFlagStateUntilTimeout  stm32f4xx_hal_spi.o
    0x08001bce   0x00000002   PAD
    0x08001bd0   0x00000028   Code   RO           13    i.Single_WriteI2C   main.o
    0x08001bf8   0x00000118   Code   RO           14    i.Sys_init          main.o
    0x08001d10   0x000000a4   Code   RO           15    i.SystemClock_Config  main.o
    0x08001db4   0x00000034   Code   RO         3743    i.SystemInit        system_stm32f4xx.o
    0x08001de8   0x00000038   Code   RO           16    i.WriteSPI          main.o
    0x08001e20   0x00000010   Code   RO          525    i.__NVIC_GetPriorityGrouping  stm32f4xx_hal_cortex.o
    0x08001e30   0x00000028   Code   RO          526    i.__NVIC_SetPriority  stm32f4xx_hal_cortex.o
    0x08001e58   0x00000046   Code   RO         4875    i._init_box         RTX_CM4.lib(rt_membox.o)
    0x08001e9e   0x00000002   PAD
    0x08001ea0   0x00000020   Code   RO          303    i._mutex_acquire    rtx_conf_cm.o
    0x08001ec0   0x0000001c   Code   RO          305    i._mutex_release    rtx_conf_cm.o
    0x08001edc   0x000000c0   Code   RO          239    i.blueThread        threads.o
    0x08001f9c   0x0000001c   Code   RO          240    i.btnThread         threads.o
    0x08001fb8   0x00000030   Code   RO         4928    i.dbg_init          RTX_CM4.lib(hal_cm.o)
    0x08001fe8   0x00000020   Code   RO         4929    i.dbg_task_notify   RTX_CM4.lib(hal_cm.o)
    0x08002008   0x00000010   Code   RO         4930    i.dbg_task_switch   RTX_CM4.lib(hal_cm.o)
    0x08002018   0x0000002a   Code   RO         3778    i.isrMessageGet     RTX_CM4.lib(rt_cmsis.o)
    0x08002042   0x0000002c   Code   RO         3779    i.isrMessagePut     RTX_CM4.lib(rt_cmsis.o)
    0x0800206e   0x00000002   PAD
    0x08002070   0x00000056   Code   RO         4763    i.isr_mbx_receive   RTX_CM4.lib(rt_mailbox.o)
    0x080020c6   0x0000000e   Code   RO         4764    i.isr_mbx_send      RTX_CM4.lib(rt_mailbox.o)
    0x080020d4   0x0000002c   Code   RO           17    i.main              main.o
    0x08002100   0x0000011c   Code   RO          241    i.mainThread        threads.o
    0x0800221c   0x00000018   Code   RO         3782    i.osDelay           RTX_CM4.lib(rt_cmsis.o)
    0x08002234   0x00000024   Code   RO         3783    i.osKernelInitialize  RTX_CM4.lib(rt_cmsis.o)
    0x08002258   0x0000006c   Code   RO         3785    i.osKernelStart     RTX_CM4.lib(rt_cmsis.o)
    0x080022c4   0x00000018   Code   RO         3794    i.osMessageGet      RTX_CM4.lib(rt_cmsis.o)
    0x080022dc   0x00000030   Code   RO         3811    i.osThreadCreate    RTX_CM4.lib(rt_cmsis.o)
    0x0800230c   0x00000018   Code   RO         3812    i.osThreadExit      RTX_CM4.lib(rt_cmsis.o)
    0x08002324   0x00000018   Code   RO         3816    i.osThreadTerminate  RTX_CM4.lib(rt_cmsis.o)
    0x0800233c   0x0000000c   Code   RO         3818    i.osTimerCall       RTX_CM4.lib(rt_cmsis.o)
    0x08002348   0x0000002c   Code   RO         3823    i.osTimerThread     RTX_CM4.lib(rt_cmsis.o)
    0x08002374   0x00000022   Code   RO          306    i.os_error          rtx_conf_cm.o
    0x08002396   0x00000004   Code   RO          307    i.os_idle_demon     rtx_conf_cm.o
    0x0800239a   0x00000002   PAD
    0x0800239c   0x00000028   Code   RO         4555    i.os_tick_init      RTX_CM4.lib(rt_system.o)
    0x080023c4   0x00000002   Code   RO         4556    i.os_tick_irqack    RTX_CM4.lib(rt_system.o)
    0x080023c6   0x0000001a   Code   RO         4876    i.rt_alloc_box      RTX_CM4.lib(rt_membox.o)
    0x080023e0   0x0000003e   Code   RO         4904    i.rt_alloc_mem      RTX_CM4.lib(rt_memory.o)
    0x0800241e   0x00000002   PAD
    0x08002420   0x00000038   Code   RO         4403    i.rt_block          RTX_CM4.lib(rt_task.o)
    0x08002458   0x00000048   Code   RO         4853    i.rt_chk_robin      RTX_CM4.lib(rt_robin.o)
    0x080024a0   0x00000070   Code   RO         4687    i.rt_dec_dly        RTX_CM4.lib(rt_list.o)
    0x08002510   0x00000044   Code   RO         4404    i.rt_dispatch       RTX_CM4.lib(rt_task.o)
    0x08002554   0x00000006   Code   RO         4487    i.rt_dly_wait       RTX_CM4.lib(rt_time.o)
    0x0800255a   0x00000002   PAD
    0x0800255c   0x00000050   Code   RO         4648    i.rt_evt_psh        RTX_CM4.lib(rt_event.o)
    0x080025ac   0x0000002c   Code   RO         4877    i.rt_free_box       RTX_CM4.lib(rt_membox.o)
    0x080025d8   0x00000028   Code   RO         4905    i.rt_free_mem       RTX_CM4.lib(rt_memory.o)
    0x08002600   0x00000028   Code   RO         4688    i.rt_get_first      RTX_CM4.lib(rt_list.o)
    0x08002628   0x00000008   Code   RO         3828    i.rt_id2obj         RTX_CM4.lib(rt_cmsis.o)
    0x08002630   0x00000048   Code   RO         4405    i.rt_init_context   RTX_CM4.lib(rt_task.o)
    0x08002678   0x0000001a   Code   RO         4906    i.rt_init_mem       RTX_CM4.lib(rt_memory.o)
    0x08002692   0x00000002   PAD
    0x08002694   0x00000018   Code   RO         4854    i.rt_init_robin     RTX_CM4.lib(rt_robin.o)
    0x080026ac   0x00000080   Code   RO         4931    i.rt_init_stack     RTX_CM4.lib(hal_cm.o)
    0x0800272c   0x00000008   Code   RO         4765    i.rt_mbx_check      RTX_CM4.lib(rt_mailbox.o)
    0x08002734   0x0000001a   Code   RO         4766    i.rt_mbx_init       RTX_CM4.lib(rt_mailbox.o)
    0x0800274e   0x00000002   PAD
    0x08002750   0x000000f0   Code   RO         4767    i.rt_mbx_psh        RTX_CM4.lib(rt_mailbox.o)
    0x08002840   0x000000b4   Code   RO         4769    i.rt_mbx_wait       RTX_CM4.lib(rt_mailbox.o)
    0x080028f4   0x00000044   Code   RO         3829    i.rt_ms2tick        RTX_CM4.lib(rt_cmsis.o)
    0x08002938   0x000000d8   Code   RO         4522    i.rt_mut_release    RTX_CM4.lib(rt_mutex.o)
    0x08002a10   0x00000068   Code   RO         4523    i.rt_mut_wait       RTX_CM4.lib(rt_mutex.o)
    0x08002a78   0x0000007c   Code   RO         4559    i.rt_pop_req        RTX_CM4.lib(rt_system.o)
    0x08002af4   0x00000020   Code   RO         4560    i.rt_psh_req        RTX_CM4.lib(rt_system.o)
    0x08002b14   0x0000005c   Code   RO         4690    i.rt_psq_enq        RTX_CM4.lib(rt_list.o)
    0x08002b70   0x00000048   Code   RO         4691    i.rt_put_dly        RTX_CM4.lib(rt_list.o)
    0x08002bb8   0x00000036   Code   RO         4692    i.rt_put_prio       RTX_CM4.lib(rt_list.o)
    0x08002bee   0x00000002   PAD
    0x08002bf0   0x00000014   Code   RO         4693    i.rt_put_rdy_first  RTX_CM4.lib(rt_list.o)
    0x08002c04   0x00000034   Code   RO         4694    i.rt_resort_prio    RTX_CM4.lib(rt_list.o)
    0x08002c38   0x00000010   Code   RO         4932    i.rt_ret_regs       RTX_CM4.lib(hal_cm.o)
    0x08002c48   0x0000000c   Code   RO         4933    i.rt_ret_val        RTX_CM4.lib(hal_cm.o)
    0x08002c54   0x00000010   Code   RO         4934    i.rt_ret_val2       RTX_CM4.lib(hal_cm.o)
    0x08002c64   0x00000028   Code   RO         4695    i.rt_rmv_dly        RTX_CM4.lib(rt_list.o)
    0x08002c8c   0x00000030   Code   RO         4696    i.rt_rmv_list       RTX_CM4.lib(rt_list.o)
    0x08002cbc   0x00000034   Code   RO         4814    i.rt_sem_psh        RTX_CM4.lib(rt_semaphore.o)
    0x08002cf0   0x00000024   Code   RO         4562    i.rt_stk_check      RTX_CM4.lib(rt_system.o)
    0x08002d14   0x00000028   Code   RO         4406    i.rt_switch_req     RTX_CM4.lib(rt_task.o)
    0x08002d3c   0x000000cc   Code   RO         4407    i.rt_sys_init       RTX_CM4.lib(rt_task.o)
    0x08002e08   0x00000078   Code   RO         4408    i.rt_sys_start      RTX_CM4.lib(rt_task.o)
    0x08002e80   0x00000040   Code   RO         4564    i.rt_systick        RTX_CM4.lib(rt_system.o)
    0x08002ec0   0x00000012   Code   RO         3830    i.rt_tid2ptcb       RTX_CM4.lib(rt_cmsis.o)
    0x08002ed2   0x00000002   PAD
    0x08002ed4   0x00000034   Code   RO         3831    i.rt_timer_insert   RTX_CM4.lib(rt_cmsis.o)
    0x08002f08   0x00000088   Code   RO         4409    i.rt_tsk_create     RTX_CM4.lib(rt_task.o)
    0x08002f90   0x0000017c   Code   RO         4410    i.rt_tsk_delete     RTX_CM4.lib(rt_task.o)
    0x0800310c   0x0000007c   Code   RO         4412    i.rt_tsk_prio       RTX_CM4.lib(rt_task.o)
    0x08003188   0x00000010   Code   RO         4413    i.rt_tsk_self       RTX_CM4.lib(rt_task.o)
    0x08003198   0x00000012   Code   RO         3833    i.svcDelay          RTX_CM4.lib(rt_cmsis.o)
    0x080031aa   0x00000002   PAD
    0x080031ac   0x00000070   Code   RO         3834    i.svcKernelInitialize  RTX_CM4.lib(rt_cmsis.o)
    0x0800321c   0x00000048   Code   RO         3836    i.svcKernelStart    RTX_CM4.lib(rt_cmsis.o)
    0x08003264   0x00000024   Code   RO         3839    i.svcMessageCreate  RTX_CM4.lib(rt_cmsis.o)
    0x08003288   0x0000003a   Code   RO         3840    i.svcMessageGet     RTX_CM4.lib(rt_cmsis.o)
    0x080032c2   0x00000002   PAD
    0x080032c4   0x00000070   Code   RO         3854    i.svcThreadCreate   RTX_CM4.lib(rt_cmsis.o)
    0x08003334   0x0000001c   Code   RO         3855    i.svcThreadGetId    RTX_CM4.lib(rt_cmsis.o)
    0x08003350   0x00000038   Code   RO         3858    i.svcThreadTerminate  RTX_CM4.lib(rt_cmsis.o)
    0x08003388   0x00000018   Code   RO         3860    i.svcTimerCall      RTX_CM4.lib(rt_cmsis.o)
    0x080033a0   0x0000005c   Code   RO         3869    i.sysTimerTick      RTX_CM4.lib(rt_cmsis.o)
    0x080033fc   0x000002ac   Code   RO          242    i.thread_accel      threads.o
    0x080036a8   0x0000000a   Code   RO         5132    x$fpl$fpinit        fz_wm.l(fpinit.o)
    0x080036b2   0x00000002   PAD
    0x080036b4   0x00000030   Data   RO          243    .constdata          threads.o
    0x080036e4   0x00000068   Data   RO          309    .constdata          rtx_conf_cm.o
    0x0800374c   0x00000010   Data   RO         1966    .constdata          stm32f4xx_hal_rcc.o
    0x0800375c   0x00000020   Data   RO         5166    Region$$Table       anon$$obj.o


    Execution Region RW_IRAM1 (Base: 0x20000000, Size: 0x0000b060, Max: 0x00020000, ABSOLUTE)

    Base Addr    Size         Type   Attr      Idx    E Section Name        Object

    0x20000000   0x00000011   Data   RW          244    .data               threads.o
    0x20000011   0x00000003   PAD
    0x20000014   0x00000014   Data   RW          310    .data               rtx_conf_cm.o
    0x20000028   0x00000014   Data   RW         3744    .data               system_stm32f4xx.o
    0x2000003c   0x00000008   Data   RW         3872    .data               RTX_CM4.lib(rt_cmsis.o)
    0x20000044   0x00000008   Data   RW         4415    .data               RTX_CM4.lib(rt_task.o)
    0x2000004c   0x00000004   Data   RW         4491    .data               RTX_CM4.lib(rt_time.o)
    0x20000050   0x00000008   Data   RW         4567    .data               RTX_CM4.lib(rt_system.o)
    0x20000058   0x00000008   Data   RW         4855    .data               RTX_CM4.lib(rt_robin.o)
    0x20000060   0x00000001   Data   RW         4935    .data               RTX_CM4.lib(hal_cm.o)
    0x20000061   0x00000003   PAD
    0x20000064   0x000000ac   Zero   RW           18    .bss                main.o
    0x20000110   0x0000a888   Zero   RW          308    .bss                rtx_conf_cm.o
    0x2000a998   0x00000034   Zero   RW         4414    .bss                RTX_CM4.lib(rt_task.o)
    0x2000a9cc   0x00000030   Zero   RW         4697    .bss                RTX_CM4.lib(rt_list.o)
    0x2000a9fc   0x00000060   Zero   RW         4997    .bss                c_w.l(libspace.o)
    0x2000aa5c   0x00000004   PAD
    0x2000aa60   0x00000200   Zero   RW         3733    HEAP                startup_stm32f407xx.o
    0x2000ac60   0x00000400   Zero   RW         3732    STACK               startup_stm32f407xx.o


==============================================================================

Image component sizes


      Code (inc. data)   RO Data    RW Data    ZI Data      Debug   Object Name

      1160         90          0          0        172     303416   main.o
       126         26        104         20      43144       9367   rtx_conf_cm.o
        64         26        392          0       1536        864   startup_stm32f407xx.o
       102         10          0          0          0       1828   stm32f4xx_hal.o
       272         22          0          0          0      33506   stm32f4xx_hal_cortex.o
       552         48          0          0          0       3295   stm32f4xx_hal_gpio.o
      1056         16          0          0          0       7482   stm32f4xx_hal_i2c.o
      1576         48         16          0          0       4171   stm32f4xx_hal_rcc.o
      1680          0          0          0          0       7616   stm32f4xx_hal_spi.o
        52         10          0         20          0       1285   system_stm32f4xx.o
      1260         70         48         17          0       4382   threads.o

    ----------------------------------------------------------------------
      7908        366        592         60      44852     377212   Object Totals
         0          0         32          0          0          0   (incl. Generated)
         8          0          0          3          0          0   (incl. Padding)

    ----------------------------------------------------------------------

      Code (inc. data)   RO Data    RW Data    ZI Data      Debug   Library Member Name

       268         24          0          1          0       4452   hal_cm.o
       408         34          0          0          0        816   hal_cm4.o
      1184        152          0          8          0      35650   rt_cmsis.o
        80          4          0          0          0        701   rt_event.o
       530         34          0          0         48       8597   rt_list.o
       554         10          0          0          0       4189   rt_mailbox.o
       140          0          0          0          0       2045   rt_membox.o
       128          0          0          0          0       2419   rt_memory.o
       320         12          0          0          0       1699   rt_mutex.o
        96         22          0          8          0       1230   rt_robin.o
        52          4          0          0          0        613   rt_semaphore.o
       298         52          0          8          0       6439   rt_system.o
      1216        174          0          8         52      10025   rt_task.o
         6          0          0          4          0        684   rt_time.o
         4          4          0          0          0        200   svc_table.o
         8          0          0          0          0         68   __main.o
         0          0          0          0          0          0   __rtentry.o
        20          0          0          0          0          0   __rtentry2.o
         6          0          0          0          0          0   __rtentry4.o
        52          8          0          0          0          0   __scatter.o
        26          0          0          0          0          0   __scatter_copy.o
        28          0          0          0          0          0   __scatter_zi.o
        18          0          0          0          0         80   exit.o
         6          0          0          0          0        152   heapauxi.o
         0          0          0          0          0          0   indicate_semi.o
         2          0          0          0          0          0   libinit.o
         6          0          0          0          0          0   libinit2.o
         2          0          0          0          0          0   libshutdown.o
         2          0          0          0          0          0   libshutdown2.o
         8          4          0          0         96         68   libspace.o
       100          0          0          0          0         80   rt_memcpy_w.o
         2          0          0          0          0          0   rtexit.o
        10          0          0          0          0          0   rtexit2.o
        12          4          0          0          0         68   sys_exit.o
        74          0          0          0          0         80   sys_stackheap_outer.o
         2          0          0          0          0         68   use_no_semi.o
        10          0          0          0          0        116   fpinit.o

    ----------------------------------------------------------------------
      5704        542          0         40        200      80539   Library Totals
        26          0          0          3          4          0   (incl. Padding)

    ----------------------------------------------------------------------

      Code (inc. data)   RO Data    RW Data    ZI Data      Debug   Library Name

      5284        526          0         37        100      79759   RTX_CM4.lib
       384         16          0          0         96        664   c_w.l
        10          0          0          0          0        116   fz_wm.l

    ----------------------------------------------------------------------
      5704        542          0         40        200      80539   Library Totals

    ----------------------------------------------------------------------

==============================================================================


      Code (inc. data)   RO Data    RW Data    ZI Data      Debug   

     13612        908        592        100      45052     445643   Grand Totals
     13612        908        592        100      45052     445643   ELF Image Totals
     13612        908        592        100          0          0   ROM Totals

==============================================================================

    Total RO  Size (Code + RO Data)                14204 (  13.87kB)
    Total RW  Size (RW Data + ZI Data)             45152 (  44.09kB)
    Total ROM Size (Code + RO Data + RW Data)      14304 (  13.97kB)

==============================================================================

